Archive member included to satisfy reference by file (symbol)

D:/Programs/STM32CubeIDE_1.18.1/STM32CubeIDE/plugins/com.st.stm32cube.ide.mcu.externaltools.gnu-tools-for-stm32.13.3.rel1.win32_1.0.0.202411081344/tools/bin/../lib/gcc/arm-none-eabi/13.3.1/../../../../arm-none-eabi/lib/thumb/v7-m/nofp\libc_nano.a(libc_a-exit.o)
                              D:/Programs/STM32CubeIDE_1.18.1/STM32CubeIDE/plugins/com.st.stm32cube.ide.mcu.externaltools.gnu-tools-for-stm32.13.3.rel1.win32_1.0.0.202411081344/tools/bin/../lib/gcc/arm-none-eabi/13.3.1/../../../../arm-none-eabi/lib/thumb/v7-m/nofp/crt0.o (exit)
D:/Programs/STM32CubeIDE_1.18.1/STM32CubeIDE/plugins/com.st.stm32cube.ide.mcu.externaltools.gnu-tools-for-stm32.13.3.rel1.win32_1.0.0.202411081344/tools/bin/../lib/gcc/arm-none-eabi/13.3.1/../../../../arm-none-eabi/lib/thumb/v7-m/nofp\libc_nano.a(libc_a-findfp.o)
                              D:/Programs/STM32CubeIDE_1.18.1/STM32CubeIDE/plugins/com.st.stm32cube.ide.mcu.externaltools.gnu-tools-for-stm32.13.3.rel1.win32_1.0.0.202411081344/tools/bin/../lib/gcc/arm-none-eabi/13.3.1/../../../../arm-none-eabi/lib/thumb/v7-m/nofp\libc_nano.a(libc_a-exit.o) (__stdio_exit_handler)
D:/Programs/STM32CubeIDE_1.18.1/STM32CubeIDE/plugins/com.st.stm32cube.ide.mcu.externaltools.gnu-tools-for-stm32.13.3.rel1.win32_1.0.0.202411081344/tools/bin/../lib/gcc/arm-none-eabi/13.3.1/../../../../arm-none-eabi/lib/thumb/v7-m/nofp\libc_nano.a(libc_a-fwalk.o)
                              D:/Programs/STM32CubeIDE_1.18.1/STM32CubeIDE/plugins/com.st.stm32cube.ide.mcu.externaltools.gnu-tools-for-stm32.13.3.rel1.win32_1.0.0.202411081344/tools/bin/../lib/gcc/arm-none-eabi/13.3.1/../../../../arm-none-eabi/lib/thumb/v7-m/nofp\libc_nano.a(libc_a-findfp.o) (_fwalk_sglue)
D:/Programs/STM32CubeIDE_1.18.1/STM32CubeIDE/plugins/com.st.stm32cube.ide.mcu.externaltools.gnu-tools-for-stm32.13.3.rel1.win32_1.0.0.202411081344/tools/bin/../lib/gcc/arm-none-eabi/13.3.1/../../../../arm-none-eabi/lib/thumb/v7-m/nofp\libc_nano.a(libc_a-snprintf.o)
                              ./Core/Src/lcd_parallel.o (snprintf)
D:/Programs/STM32CubeIDE_1.18.1/STM32CubeIDE/plugins/com.st.stm32cube.ide.mcu.externaltools.gnu-tools-for-stm32.13.3.rel1.win32_1.0.0.202411081344/tools/bin/../lib/gcc/arm-none-eabi/13.3.1/../../../../arm-none-eabi/lib/thumb/v7-m/nofp\libc_nano.a(libc_a-stdio.o)
                              D:/Programs/STM32CubeIDE_1.18.1/STM32CubeIDE/plugins/com.st.stm32cube.ide.mcu.externaltools.gnu-tools-for-stm32.13.3.rel1.win32_1.0.0.202411081344/tools/bin/../lib/gcc/arm-none-eabi/13.3.1/../../../../arm-none-eabi/lib/thumb/v7-m/nofp\libc_nano.a(libc_a-findfp.o) (__sread)
D:/Programs/STM32CubeIDE_1.18.1/STM32CubeIDE/plugins/com.st.stm32cube.ide.mcu.externaltools.gnu-tools-for-stm32.13.3.rel1.win32_1.0.0.202411081344/tools/bin/../lib/gcc/arm-none-eabi/13.3.1/../../../../arm-none-eabi/lib/thumb/v7-m/nofp\libc_nano.a(libc_a-memset.o)
                              D:/Programs/STM32CubeIDE_1.18.1/STM32CubeIDE/plugins/com.st.stm32cube.ide.mcu.externaltools.gnu-tools-for-stm32.13.3.rel1.win32_1.0.0.202411081344/tools/bin/../lib/gcc/arm-none-eabi/13.3.1/../../../../arm-none-eabi/lib/thumb/v7-m/nofp/crt0.o (memset)
D:/Programs/STM32CubeIDE_1.18.1/STM32CubeIDE/plugins/com.st.stm32cube.ide.mcu.externaltools.gnu-tools-for-stm32.13.3.rel1.win32_1.0.0.202411081344/tools/bin/../lib/gcc/arm-none-eabi/13.3.1/../../../../arm-none-eabi/lib/thumb/v7-m/nofp\libc_nano.a(libc_a-closer.o)
                              D:/Programs/STM32CubeIDE_1.18.1/STM32CubeIDE/plugins/com.st.stm32cube.ide.mcu.externaltools.gnu-tools-for-stm32.13.3.rel1.win32_1.0.0.202411081344/tools/bin/../lib/gcc/arm-none-eabi/13.3.1/../../../../arm-none-eabi/lib/thumb/v7-m/nofp\libc_nano.a(libc_a-stdio.o) (_close_r)
D:/Programs/STM32CubeIDE_1.18.1/STM32CubeIDE/plugins/com.st.stm32cube.ide.mcu.externaltools.gnu-tools-for-stm32.13.3.rel1.win32_1.0.0.202411081344/tools/bin/../lib/gcc/arm-none-eabi/13.3.1/../../../../arm-none-eabi/lib/thumb/v7-m/nofp\libc_nano.a(libc_a-reent.o)
                              D:/Programs/STM32CubeIDE_1.18.1/STM32CubeIDE/plugins/com.st.stm32cube.ide.mcu.externaltools.gnu-tools-for-stm32.13.3.rel1.win32_1.0.0.202411081344/tools/bin/../lib/gcc/arm-none-eabi/13.3.1/../../../../arm-none-eabi/lib/thumb/v7-m/nofp\libc_nano.a(libc_a-closer.o) (errno)
D:/Programs/STM32CubeIDE_1.18.1/STM32CubeIDE/plugins/com.st.stm32cube.ide.mcu.externaltools.gnu-tools-for-stm32.13.3.rel1.win32_1.0.0.202411081344/tools/bin/../lib/gcc/arm-none-eabi/13.3.1/../../../../arm-none-eabi/lib/thumb/v7-m/nofp\libc_nano.a(libc_a-impure.o)
                              D:/Programs/STM32CubeIDE_1.18.1/STM32CubeIDE/plugins/com.st.stm32cube.ide.mcu.externaltools.gnu-tools-for-stm32.13.3.rel1.win32_1.0.0.202411081344/tools/bin/../lib/gcc/arm-none-eabi/13.3.1/../../../../arm-none-eabi/lib/thumb/v7-m/nofp\libc_nano.a(libc_a-snprintf.o) (_impure_ptr)
[...]
Memory Configuration

Name             Origin             Length             Attributes
RAM              0x20000000         0x00005000         xrw
FLASH            0x08000000         0x00010000         xr
*default*        0x00000000         0xffffffff

Linker script and memory map

LOAD D:/Programs/STM32CubeIDE_1.18.1/STM32CubeIDE/plugins/com.st.stm32cube.ide.mcu.externaltools.gnu-tools-for-stm32.13.3.rel1.win32_1.0.0.202411081344/tools/bin/../lib/gcc/arm-none-eabi/13.3.1/thumb/v7-m/nofp/crti.o
LOAD D:/Programs/STM32CubeIDE_1.18.1/STM32CubeIDE/plugins/com.st.stm32cube.ide.mcu.externaltools.gnu-tools-for-stm32.13.3.rel1.win32_1.0.0.202411081344/tools/bin/../lib/gcc/arm-none-eabi/13.3.1/thumb/v7-m/nofp/crtbegin.o
LOAD D:/Programs/STM32CubeIDE_1.18.1/STM32CubeIDE/plugins/com.st.stm32cube.ide.mcu.externaltools.gnu-tools-for-stm32.13.3.rel1.win32_1.0.0.202411081344/tools/bin/../lib/gcc/arm-none-eabi/13.3.1/../../../../arm-none-eabi/lib/thumb/v7-m/nofp/crt0.o
LOAD ./Core/Src/lcd_parallel.o
LOAD ./Core/Src/main.o
LOAD ./Core/Src/stm32f1xx_hal_msp.o
LOAD ./Core/Src/stm32f1xx_it.o
LOAD ./Core/Src/syscalls.o
LOAD ./Core/Src/sysmem.o
LOAD ./Core/Src/system_stm32f1xx.o
LOAD ./Core/Startup/startup_stm32f103c8tx.o
LOAD ./Drivers/STM32F1xx_HAL_Driver/Src/stm32f1xx_hal.o
LOAD ./Drivers/STM32F1xx_HAL_Driver/Src/stm32f1xx_hal_cortex.o
LOAD ./Drivers/STM32F1xx_HAL_Driver/Src/stm32f1xx_hal_dma.o
LOAD ./Drivers/STM32F1xx_HAL_Driver/Src/stm32f1xx_hal_exti.o
LOAD ./Drivers/STM32F1xx_HAL_Driver/Src/stm32f1xx_hal_flash.o
LOAD ./Drivers/STM32F1xx_HAL_Driver/Src/stm32f1xx_hal_flash_ex.o
LOAD ./Drivers/STM32F1xx_HAL_Driver/Src/stm32f1xx_hal_gpio.o
LOAD ./Drivers/STM32F1xx_HAL_Driver/Src/stm32f1xx_hal_gpio_ex.o
LOAD ./Drivers/STM32F1xx_HAL_Driver/Src/stm32f1xx_hal_pwr.o
LOAD ./Drivers/STM32F1xx_HAL_Driver/Src/stm32f1xx_hal_rcc.o
LOAD ./Drivers/STM32F1xx_HAL_Driver/Src/stm32f1xx_hal_rcc_ex.o
LOAD ./Drivers/STM32F1xx_HAL_Driver/Src/stm32f1xx_hal_tim.o
LOAD ./Drivers/STM32F1xx_HAL_Driver/Src/stm32f1xx_hal_tim_ex.o
START GROUP
LOAD D:/Programs/STM32CubeIDE_1.18.1/STM32CubeIDE/plugins/com.st.stm32cube.ide.mcu.externaltools.gnu-tools-for-stm32.13.3.rel1.win32_1.0.0.202411081344/tools/bin/../lib/gcc/arm-none-eabi/13.3.1/../../../../arm-none-eabi/lib/thumb/v7-m/nofp\libc_nano.a
LOAD D:/Programs/STM32CubeIDE_1.18.1/STM32CubeIDE/plugins/com.st.stm32cube.ide.mcu.externaltools.gnu-tools-for-stm32.13.3.rel1.win32_1.0.0.202411081344/tools/bin/../lib/gcc/arm-none-eabi/13.3.1/../../../../arm-none-eabi/lib/thumb/v7-m/nofp\libm.a
END GROUP
START GROUP
LOAD D:/Programs/STM32CubeIDE_1.18.1/STM32CubeIDE/plugins/com.st.stm32cube.ide.mcu.externaltools.gnu-tools-for-stm32.13.3.rel1.win32_1.0.0.202411081344/tools/bin/../lib/gcc/arm-none-eabi/13.3.1/thumb/v7-m/nofp\libgcc.a
LOAD D:/Programs/STM32CubeIDE_1.18.1/STM32CubeIDE/plugins/com.st.stm32cube.ide.mcu.externaltools.gnu-tools-for-stm32.13.3.rel1.win32_1.0.0.202411081344/tools/bin/../lib/gcc/arm-none-eabi/13.3.1/../../../../arm-none-eabi/lib/thumb/v7-m/nofp\libc_nano.a
END GROUP
START GROUP
LOAD D:/Programs/STM32CubeIDE_1.18.1/STM32CubeIDE/plugins/com.st.stm32cube.ide.mcu.externaltools.gnu-tools-for-stm32.13.3.rel1.win32_1.0.0.202411081344/tools/bin/../lib/gcc/arm-none-eabi/13.3.1/thumb/v7-m/nofp\libgcc.a
LOAD D:/Programs/STM32CubeIDE_1.18.1/STM32CubeIDE/plugins/com.st.stm32cube.ide.mcu.externaltools.gnu-tools-for-stm32.13.3.rel1.win32_1.0.0.202411081344/tools/bin/../lib/gcc/arm-none-eabi/13.3.1/../../../../arm-none-eabi/lib/thumb/v7-m/nofp\libc_nano.a
LOAD D:/Programs/STM32CubeIDE_1.18.1/STM32CubeIDE/plugins/com.st.stm32cube.ide.mcu.externaltools.gnu-tools-for-stm32.13.3.rel1.win32_1.0.0.202411081344/tools/bin/../lib/gcc/arm-none-eabi/13.3.1/../../../../arm-none-eabi/lib/thumb/v7-m/nofp\libnosys.a
END GROUP
START GROUP
LOAD D:/Programs/STM32CubeIDE_1.18.1/STM32CubeIDE/plugins/com.st.stm32cube.ide.mcu.externaltools.gnu-tools-for-stm32.13.3.rel1.win32_1.0.0.202411081344/tools/bin/../lib/gcc/arm-none-eabi/13.3.1/thumb/v7-m/nofp\libgcc.a
LOAD D:/Programs/STM32CubeIDE_1.18.1/STM32CubeIDE/plugins/com.st.stm32cube.ide.mcu.externaltools.gnu-tools-for-stm32.13.3.rel1.win32_1.0.0.202411081344/tools/bin/../lib/gcc/arm-none-eabi/13.3.1/../../../../arm-none-eabi/lib/thumb/v7-m/nofp\libc_nano.a
LOAD D:/Programs/STM32CubeIDE_1.18.1/STM32CubeIDE/plugins/com.st.stm32cube.ide.mcu.externaltools.gnu-tools-for-stm32.13.3.rel1.win32_1.0.0.202411081344/tools/bin/../lib/gcc/arm-none-eabi/13.3.1/../../../../arm-none-eabi/lib/thumb/v7-m/nofp\libnosys.a
END GROUP
LOAD D:/Programs/STM32CubeIDE_1.18.1/STM32CubeIDE/plugins/com.st.stm32cube.ide.mcu.externaltools.gnu-tools-for-stm32.13.3.rel1.win32_1.0.0.202411081344/tools/bin/../lib/gcc/arm-none-eabi/13.3.1/thumb/v7-m/nofp/crtend.o
LOAD D:/Programs/STM32CubeIDE_1.18.1/STM32CubeIDE/plugins/com.st.stm32cube.ide.mcu.externaltools.gnu-tools-for-stm32.13.3.rel1.win32_1.0.0.202411081344/tools/bin/../lib/gcc/arm-none-eabi/13.3.1/thumb/v7-m/nofp/crtn.o
                0x20005000                        _estack = (ORIGIN (RAM) + LENGTH (RAM))
                0x00000200                        _Min_Heap_Size = 0x200
                0x00000400                        _Min_Stack_Size = 0x400

.isr_vector     0x08000000      0x10c
                0x08000000                        . = ALIGN (0x4)
 *(.isr_vector)
 .isr_vector    0x08000000      0x10c ./Core/Startup/startup_stm32f103c8tx.o
                0x08000000                g_pfnVectors
                0x0800010c                        . = ALIGN (0x4)

.text           0x0800010c     0x43a0
                0x0800010c                        . = ALIGN (0x4)
 *(.text)
 .text          0x0800010c       0x40 D:/Programs/STM32CubeIDE_1.18.1/STM32CubeIDE/plugins/com.st.stm32cube.ide.mcu.externaltools.gnu-tools-for-stm32.13.3.rel1.win32_1.0.0.202411081344/tools/bin/../lib/gcc/arm-none-eabi/13.3.1/thumb/v7-m/nofp/crtbegin.o
 .text          0x0800014c       0x10 D:/Programs/STM32CubeIDE_1.18.1/STM32CubeIDE/plugins/com.st.stm32cube.ide.mcu.externaltools.gnu-tools-for-stm32.13.3.rel1.win32_1.0.0.202411081344/tools/bin/../lib/gcc/arm-none-eabi/13.3.1/../../../../arm-none-eabi/lib/thumb/v7-m/nofp\libc_nano.a(libc_a-strlen.o)
                0x0800014c                strlen
 *(.text*)
 .text.LCD_Parallel_Init
                0x0800015c       0x6c ./Core/Src/lcd_parallel.o
                0x0800015c                LCD_Parallel_Init
 .text.LCD_Parallel_GPIO_Init
                0x080001c8       0x9c ./Core/Src/lcd_parallel.o
                0x080001c8                LCD_Parallel_GPIO_Init
 .text.LCD_Parallel_Clear
                0x08000264       0x14 ./Core/Src/lcd_parallel.o
                0x08000264                LCD_Parallel_Clear
 .text.LCD_Parallel_SetCursor
                0x08000278       0x54 ./Core/Src/lcd_parallel.o
                0x08000278                LCD_Parallel_SetCursor
 .text.LCD_Parallel_Print
                0x080002cc       0x2a ./Core/Src/lcd_parallel.o
                0x080002cc                LCD_Parallel_Print
 .text.LCD_Parallel_PrintChar
                0x080002f6       0x1a ./Core/Src/lcd_parallel.o
                0x080002f6                LCD_Parallel_PrintChar
 .text.LCD_Parallel_SendCommand
                0x08000310       0x1c ./Core/Src/lcd_parallel.o
                0x08000310                LCD_Parallel_SendCommand
 .text.LCD_Parallel_SendData
                0x0800032c       0x1c ./Core/Src/lcd_parallel.o
                0x0800032c                LCD_Parallel_SendData
 .text.LCD_Parallel_Send
                0x08000348       0x4c ./Core/Src/lcd_parallel.o
                0x08000348                LCD_Parallel_Send
 .text.LCD_Parallel_Write4Bits
                0x08000394       0x78 ./Core/Src/lcd_parallel.o
                0x08000394                LCD_Parallel_Write4Bits
 .text.LCD_Parallel_EnablePulse
                0x0800040c       0x2c ./Core/Src/lcd_parallel.o
                0x0800040c                LCD_Parallel_EnablePulse
 .text.LCD_Parallel_DisplayEffect
                0x08000438       0x4c ./Core/Src/lcd_parallel.o
                0x08000438                LCD_Parallel_DisplayEffect
 .text.LCD_Parallel_DisplayStatus
                0x08000484       0x64 ./Core/Src/lcd_parallel.o
                0x08000484                LCD_Parallel_DisplayStatus
 .text.HAL_TIM_PWM_PulseFinishedCallback
                0x080004e8       0x28 ./Core/Src/main.o
                0x080004e8                HAL_TIM_PWM_PulseFinishedCallback
 .text.Keypad_Init
                0x08000510       0xd8 ./Core/Src/main.o
                0x08000510                Keypad_Init
 .text.Update_LCD_Display
                0x080005e8       0xb8 ./Core/Src/main.o
                0x080005e8                Update_LCD_Display
 .text.Keypad_Read
                0x080006a0       0xf4 ./Core/Src/main.o
                0x080006a0                Keypad_Read
 .text.Process_Keypad_Input
                0x08000794      0x19c ./Core/Src/main.o
                0x08000794                Process_Keypad_Input
 .text.Set_LED  0x08000930       0x58 ./Core/Src/main.o
                0x08000930                Set_LED
 .text.Set_All_LEDs_Same_Color
                0x08000988       0x34 ./Core/Src/main.o
                0x08000988                Set_All_LEDs_Same_Color
 .text.Set_Brightness
                0x080009bc       0x9c ./Core/Src/main.o
                0x080009bc                Set_Brightness
 .text.WS2812_Send
                0x08000a58      0x10c ./Core/Src/main.o
                0x08000a58                WS2812_Send
 .text.Rainbow_Effect
                0x08000b64      0x1e8 ./Core/Src/main.o
                0x08000b64                Rainbow_Effect
 .text.Pixel_Run_Effect
                0x08000d4c       0xa0 ./Core/Src/main.o
                0x08000d4c                Pixel_Run_Effect
 .text.main     0x08000dec      0x314 ./Core/Src/main.o
                0x08000dec                main
 .text.SystemClock_Config
                0x08001100       0x8a ./Core/Src/main.o
                0x08001100                SystemClock_Config
 *fill*         0x0800118a        0x2 
 .text.MX_TIM1_Init
                0x0800118c      0x140 ./Core/Src/main.o
 .text.MX_DMA_Init
                0x080012cc       0x3c ./Core/Src/main.o
 .text.MX_GPIO_Init
                0x08001308       0x98 ./Core/Src/main.o
 .text.Error_Handler
                0x080013a0        0xc ./Core/Src/main.o
                0x080013a0                Error_Handler
 .text.HAL_MspInit
                0x080013ac       0x64 ./Core/Src/stm32f1xx_hal_msp.o
                0x080013ac                HAL_MspInit
 .text.HAL_TIM_Base_MspInit
                0x08001410       0x94 ./Core/Src/stm32f1xx_hal_msp.o
                0x08001410                HAL_TIM_Base_MspInit
 .text.HAL_TIM_MspPostInit
                0x080014a4       0x68 ./Core/Src/stm32f1xx_hal_msp.o
                0x080014a4                HAL_TIM_MspPostInit
 .text.NMI_Handler
                0x0800150c        0x8 ./Core/Src/stm32f1xx_it.o
                0x0800150c                NMI_Handler
 .text.HardFault_Handler
                0x08001514        0x8 ./Core/Src/stm32f1xx_it.o
                0x08001514                HardFault_Handler
 .text.MemManage_Handler
                0x0800151c        0x8 ./Core/Src/stm32f1xx_it.o
                0x0800151c                MemManage_Handler
 .text.BusFault_Handler
                0x08001524        0x8 ./Core/Src/stm32f1xx_it.o
                0x08001524                BusFault_Handler
 .text.UsageFault_Handler
                0x0800152c        0x8 ./Core/Src/stm32f1xx_it.o
                0x0800152c                UsageFault_Handler
 .text.SVC_Handler
                0x08001534        0xc ./Core/Src/stm32f1xx_it.o
                0x08001534                SVC_Handler
 .text.DebugMon_Handler
                0x08001540        0xc ./Core/Src/stm32f1xx_it.o
                0x08001540                DebugMon_Handler
 .text.PendSV_Handler
                0x0800154c        0xc ./Core/Src/stm32f1xx_it.o
                0x0800154c                PendSV_Handler
 .text.SysTick_Handler
                0x08001558        0xc ./Core/Src/stm32f1xx_it.o
                0x08001558                SysTick_Handler
 .text.DMA1_Channel2_IRQHandler
                0x08001564       0x14 ./Core/Src/stm32f1xx_it.o
                0x08001564                DMA1_Channel2_IRQHandler
 .text._sbrk    0x08001578       0x6c ./Core/Src/sysmem.o
                0x08001578                _sbrk
 .text.SystemInit
                0x080015e4        0xc ./Core/Src/system_stm32f1xx.o
                0x080015e4                SystemInit
 .text.Reset_Handler
                0x080015f0       0x48 ./Core/Startup/startup_stm32f103c8tx.o
                0x080015f0                Reset_Handler
 .text.Default_Handler
                0x08001638        0x2 ./Core/Startup/startup_stm32f103c8tx.o
                0x08001638                RTC_Alarm_IRQHandler
                0x08001638                EXTI2_IRQHandler
                0x08001638                TIM1_CC_IRQHandler
                0x08001638                PVD_IRQHandler
                0x08001638                EXTI3_IRQHandler
                0x08001638                EXTI0_IRQHandler
                0x08001638                I2C2_EV_IRQHandler
                0x08001638                ADC1_2_IRQHandler
                0x08001638                SPI1_IRQHandler
                0x08001638                TAMPER_IRQHandler
                0x08001638                DMA1_Channel4_IRQHandler
                0x08001638                USART3_IRQHandler
                0x08001638                RTC_IRQHandler
                0x08001638                DMA1_Channel7_IRQHandler
                0x08001638                CAN1_RX1_IRQHandler
                0x08001638                TIM4_IRQHandler
                0x08001638                I2C1_EV_IRQHandler
                0x08001638                DMA1_Channel6_IRQHandler
                0x08001638                TIM3_IRQHandler
                0x08001638                RCC_IRQHandler
                0x08001638                TIM1_TRG_COM_IRQHandler
                0x08001638                DMA1_Channel1_IRQHandler
                0x08001638                Default_Handler
                0x08001638                EXTI15_10_IRQHandler
                0x08001638                EXTI9_5_IRQHandler
                0x08001638                SPI2_IRQHandler
                0x08001638                DMA1_Channel5_IRQHandler
                0x08001638                EXTI4_IRQHandler
                0x08001638                USB_LP_CAN1_RX0_IRQHandler
                0x08001638                USB_HP_CAN1_TX_IRQHandler
                0x08001638                DMA1_Channel3_IRQHandler
                0x08001638                TIM1_UP_IRQHandler
                0x08001638                WWDG_IRQHandler
                0x08001638                TIM2_IRQHandler
                0x08001638                TIM1_BRK_IRQHandler
                0x08001638                EXTI1_IRQHandler
                0x08001638                USART2_IRQHandler
                0x08001638                I2C2_ER_IRQHandler
                0x08001638                CAN1_SCE_IRQHandler
                0x08001638                FLASH_IRQHandler
                0x08001638                USART1_IRQHandler
                0x08001638                I2C1_ER_IRQHandler
                0x08001638                USBWakeUp_IRQHandler
 *fill*         0x0800163a        0x2 
 .text.HAL_Init
                0x0800163c       0x2c ./Drivers/STM32F1xx_HAL_Driver/Src/stm32f1xx_hal.o
                0x0800163c                HAL_Init
 .text.HAL_InitTick
                0x08001668       0x60 ./Drivers/STM32F1xx_HAL_Driver/Src/stm32f1xx_hal.o
                0x08001668                HAL_InitTick
 .text.HAL_IncTick
                0x080016c8       0x24 ./Drivers/STM32F1xx_HAL_Driver/Src/stm32f1xx_hal.o
                0x080016c8                HAL_IncTick
 .text.HAL_GetTick
                0x080016ec       0x14 ./Drivers/STM32F1xx_HAL_Driver/Src/stm32f1xx_hal.o
                0x080016ec                HAL_GetTick
 .text.HAL_Delay
                0x08001700       0x48 ./Drivers/STM32F1xx_HAL_Driver/Src/stm32f1xx_hal.o
                0x08001700                HAL_Delay
 .text.__NVIC_SetPriorityGrouping
                0x08001748       0x48 ./Drivers/STM32F1xx_HAL_Driver/Src/stm32f1xx_hal_cortex.o
 .text.__NVIC_GetPriorityGrouping
                0x08001790       0x1c ./Drivers/STM32F1xx_HAL_Driver/Src/stm32f1xx_hal_cortex.o
 .text.__NVIC_EnableIRQ
                0x080017ac       0x38 ./Drivers/STM32F1xx_HAL_Driver/Src/stm32f1xx_hal_cortex.o
 .text.__NVIC_SetPriority
                0x080017e4       0x54 ./Drivers/STM32F1xx_HAL_Driver/Src/stm32f1xx_hal_cortex.o
 .text.NVIC_EncodePriority
                0x08001838       0x64 ./Drivers/STM32F1xx_HAL_Driver/Src/stm32f1xx_hal_cortex.o
 .text.SysTick_Config
                0x0800189c       0x44 ./Drivers/STM32F1xx_HAL_Driver/Src/stm32f1xx_hal_cortex.o
 .text.HAL_NVIC_SetPriorityGrouping
                0x080018e0       0x16 ./Drivers/STM32F1xx_HAL_Driver/Src/stm32f1xx_hal_cortex.o
                0x080018e0                HAL_NVIC_SetPriorityGrouping
 .text.HAL_NVIC_SetPriority
                0x080018f6       0x38 ./Drivers/STM32F1xx_HAL_Driver/Src/stm32f1xx_hal_cortex.o
                0x080018f6                HAL_NVIC_SetPriority
 .text.HAL_NVIC_EnableIRQ
                0x0800192e       0x1c ./Drivers/STM32F1xx_HAL_Driver/Src/stm32f1xx_hal_cortex.o
                0x0800192e                HAL_NVIC_EnableIRQ
 .text.HAL_SYSTICK_Config
                0x0800194a       0x18 ./Drivers/STM32F1xx_HAL_Driver/Src/stm32f1xx_hal_cortex.o
                0x0800194a                HAL_SYSTICK_Config
 *fill*         0x08001962        0x2 
 .text.HAL_DMA_Init
                0x08001964       0xb4 ./Drivers/STM32F1xx_HAL_Driver/Src/stm32f1xx_hal_dma.o
                0x08001964                HAL_DMA_Init
 .text.HAL_DMA_Start_IT
                0x08001a18       0xc0 ./Drivers/STM32F1xx_HAL_Driver/Src/stm32f1xx_hal_dma.o
                0x08001a18                HAL_DMA_Start_IT
 .text.HAL_DMA_Abort_IT
                0x08001ad8       0xf0 ./Drivers/STM32F1xx_HAL_Driver/Src/stm32f1xx_hal_dma.o
                0x08001ad8                HAL_DMA_Abort_IT
 .text.HAL_DMA_IRQHandler
                0x08001bc8      0x20c ./Drivers/STM32F1xx_HAL_Driver/Src/stm32f1xx_hal_dma.o
                0x08001bc8                HAL_DMA_IRQHandler
 .text.DMA_SetConfig
                0x08001dd4       0x5a ./Drivers/STM32F1xx_HAL_Driver/Src/stm32f1xx_hal_dma.o
 *fill*         0x08001e2e        0x2 
 .text.HAL_GPIO_Init
                0x08001e30      0x308 ./Drivers/STM32F1xx_HAL_Driver/Src/stm32f1xx_hal_gpio.o
                0x08001e30                HAL_GPIO_Init
 .text.HAL_GPIO_ReadPin
                0x08002138       0x2e ./Drivers/STM32F1xx_HAL_Driver/Src/stm32f1xx_hal_gpio.o
                0x08002138                HAL_GPIO_ReadPin
 .text.HAL_GPIO_WritePin
                0x08002166       0x30 ./Drivers/STM32F1xx_HAL_Driver/Src/stm32f1xx_hal_gpio.o
                0x08002166                HAL_GPIO_WritePin
 *fill*         0x08002196        0x2 
 .text.HAL_RCC_OscConfig
                0x08002198      0x504 ./Drivers/STM32F1xx_HAL_Driver/Src/stm32f1xx_hal_rcc.o
                0x08002198                HAL_RCC_OscConfig
 .text.HAL_RCC_ClockConfig
                0x0800269c      0x1d4 ./Drivers/STM32F1xx_HAL_Driver/Src/stm32f1xx_hal_rcc.o
                0x0800269c                HAL_RCC_ClockConfig
 .text.HAL_RCC_GetSysClockFreq
                0x08002870       0xa8 ./Drivers/STM32F1xx_HAL_Driver/Src/stm32f1xx_hal_rcc.o
                0x08002870                HAL_RCC_GetSysClockFreq
 .text.RCC_Delay
                0x08002918       0x3c ./Drivers/STM32F1xx_HAL_Driver/Src/stm32f1xx_hal_rcc.o
 .text.HAL_TIM_Base_Init
                0x08002954       0x9e ./Drivers/STM32F1xx_HAL_Driver/Src/stm32f1xx_hal_tim.o
                0x08002954                HAL_TIM_Base_Init
 .text.HAL_TIM_PWM_Init
                0x080029f2       0x9e ./Drivers/STM32F1xx_HAL_Driver/Src/stm32f1xx_hal_tim.o
                0x080029f2                HAL_TIM_PWM_Init
 .text.HAL_TIM_PWM_MspInit
                0x08002a90       0x12 ./Drivers/STM32F1xx_HAL_Driver/Src/stm32f1xx_hal_tim.o
                0x08002a90                HAL_TIM_PWM_MspInit
 *fill*         0x08002aa2        0x2 
 .text.HAL_TIM_PWM_Start_DMA
                0x08002aa4      0x344 ./Drivers/STM32F1xx_HAL_Driver/Src/stm32f1xx_hal_tim.o
                0x08002aa4                HAL_TIM_PWM_Start_DMA
 .text.HAL_TIM_PWM_Stop_DMA
                0x08002de8      0x18c ./Drivers/STM32F1xx_HAL_Driver/Src/stm32f1xx_hal_tim.o
                0x08002de8                HAL_TIM_PWM_Stop_DMA
 .text.HAL_TIM_PWM_ConfigChannel
                0x08002f74      0x184 ./Drivers/STM32F1xx_HAL_Driver/Src/stm32f1xx_hal_tim.o
                0x08002f74                HAL_TIM_PWM_ConfigChannel
 .text.HAL_TIM_ConfigClockSource
                0x080030f8      0x18e ./Drivers/STM32F1xx_HAL_Driver/Src/stm32f1xx_hal_tim.o
                0x080030f8                HAL_TIM_ConfigClockSource
 .text.HAL_TIM_PWM_PulseFinishedHalfCpltCallback
                0x08003286       0x12 ./Drivers/STM32F1xx_HAL_Driver/Src/stm32f1xx_hal_tim.o
                0x08003286                HAL_TIM_PWM_PulseFinishedHalfCpltCallback
 .text.HAL_TIM_ErrorCallback
                0x08003298       0x12 ./Drivers/STM32F1xx_HAL_Driver/Src/stm32f1xx_hal_tim.o
                0x08003298                HAL_TIM_ErrorCallback
 .text.TIM_DMAError
                0x080032aa       0x92 ./Drivers/STM32F1xx_HAL_Driver/Src/stm32f1xx_hal_tim.o
                0x080032aa                TIM_DMAError
 .text.TIM_DMADelayPulseCplt
                0x0800333c       0xa8 ./Drivers/STM32F1xx_HAL_Driver/Src/stm32f1xx_hal_tim.o
 .text.TIM_DMADelayPulseHalfCplt
                0x080033e4       0x68 ./Drivers/STM32F1xx_HAL_Driver/Src/stm32f1xx_hal_tim.o
                0x080033e4                TIM_DMADelayPulseHalfCplt
 .text.TIM_Base_SetConfig
                0x0800344c       0xdc ./Drivers/STM32F1xx_HAL_Driver/Src/stm32f1xx_hal_tim.o
                0x0800344c                TIM_Base_SetConfig
 .text.TIM_OC1_SetConfig
                0x08003528       0xcc ./Drivers/STM32F1xx_HAL_Driver/Src/stm32f1xx_hal_tim.o
 .text.TIM_OC2_SetConfig
                0x080035f4       0xd4 ./Drivers/STM32F1xx_HAL_Driver/Src/stm32f1xx_hal_tim.o
                0x080035f4                TIM_OC2_SetConfig
 .text.TIM_OC3_SetConfig
                0x080036c8       0xd4 ./Drivers/STM32F1xx_HAL_Driver/Src/stm32f1xx_hal_tim.o
 .text.TIM_OC4_SetConfig
                0x0800379c       0x9c ./Drivers/STM32F1xx_HAL_Driver/Src/stm32f1xx_hal_tim.o
 .text.TIM_TI1_ConfigInputStage
                0x08003838       0x5c ./Drivers/STM32F1xx_HAL_Driver/Src/stm32f1xx_hal_tim.o
 .text.TIM_TI2_ConfigInputStage
                0x08003894       0x5e ./Drivers/STM32F1xx_HAL_Driver/Src/stm32f1xx_hal_tim.o
 .text.TIM_ITRx_SetConfig
                0x080038f2       0x34 ./Drivers/STM32F1xx_HAL_Driver/Src/stm32f1xx_hal_tim.o
 .text.TIM_ETR_SetConfig
                0x08003926       0x3e ./Drivers/STM32F1xx_HAL_Driver/Src/stm32f1xx_hal_tim.o
                0x08003926                TIM_ETR_SetConfig
 .text.TIM_CCxChannelCmd
                0x08003964       0x48 ./Drivers/STM32F1xx_HAL_Driver/Src/stm32f1xx_hal_tim.o
                0x08003964                TIM_CCxChannelCmd
 .text.HAL_TIMEx_MasterConfigSynchronization
                0x080039ac       0xbc ./Drivers/STM32F1xx_HAL_Driver/Src/stm32f1xx_hal_tim_ex.o
                0x080039ac                HAL_TIMEx_MasterConfigSynchronization
 .text.HAL_TIMEx_ConfigBreakDeadTime
                0x08003a68       0xa2 ./Drivers/STM32F1xx_HAL_Driver/Src/stm32f1xx_hal_tim_ex.o
                0x08003a68                HAL_TIMEx_ConfigBreakDeadTime
 *fill*         0x08003b0a        0x2 
 .text.snprintf
                0x08003b0c       0x6c D:/Programs/STM32CubeIDE_1.18.1/STM32CubeIDE/plugins/com.st.stm32cube.ide.mcu.externaltools.gnu-tools-for-stm32.13.3.rel1.win32_1.0.0.202411081344/tools/bin/../lib/gcc/arm-none-eabi/13.3.1/../../../../arm-none-eabi/lib/thumb/v7-m/nofp\libc_nano.a(libc_a-snprintf.o)
                0x08003b0c                sniprintf
                0x08003b0c                snprintf
 .text.memset   0x08003b78       0x10 D:/Programs/STM32CubeIDE_1.18.1/STM32CubeIDE/plugins/com.st.stm32cube.ide.mcu.externaltools.gnu-tools-for-stm32.13.3.rel1.win32_1.0.0.202411081344/tools/bin/../lib/gcc/arm-none-eabi/13.3.1/../../../../arm-none-eabi/lib/thumb/v7-m/nofp\libc_nano.a(libc_a-memset.o)
                0x08003b78                memset
 .text.__errno  0x08003b88        0xc D:/Programs/STM32CubeIDE_1.18.1/STM32CubeIDE/plugins/com.st.stm32cube.ide.mcu.externaltools.gnu-tools-for-stm32.13.3.rel1.win32_1.0.0.202411081344/tools/bin/../lib/gcc/arm-none-eabi/13.3.1/../../../../arm-none-eabi/lib/thumb/v7-m/nofp\libc_nano.a(libc_a-errno.o)
                0x08003b88                __errno
 .text.__libc_init_array
                0x08003b94       0x48 D:/Programs/STM32CubeIDE_1.18.1/STM32CubeIDE/plugins/com.st.stm32cube.ide.mcu.externaltools.gnu-tools-for-stm32.13.3.rel1.win32_1.0.0.202411081344/tools/bin/../lib/gcc/arm-none-eabi/13.3.1/../../../../arm-none-eabi/lib/thumb/v7-m/nofp\libc_nano.a(libc_a-init.o)
                0x08003b94                __libc_init_array
 .text.__retarget_lock_acquire_recursive
                0x08003bdc        0x2 D:/Programs/STM32CubeIDE_1.18.1/STM32CubeIDE/plugins/com.st.stm32cube.ide.mcu.externaltools.gnu-tools-for-stm32.13.3.rel1.win32_1.0.0.202411081344/tools/bin/../lib/gcc/arm-none-eabi/13.3.1/../../../../arm-none-eabi/lib/thumb/v7-m/nofp\libc_nano.a(libc_a-lock.o)
                0x08003bdc                __retarget_lock_acquire_recursive
 .text.__retarget_lock_release_recursive
                0x08003bde        0x2 D:/Programs/STM32CubeIDE_1.18.1/STM32CubeIDE/plugins/com.st.stm32cube.ide.mcu.externaltools.gnu-tools-for-stm32.13.3.rel1.win32_1.0.0.202411081344/tools/bin/../lib/gcc/arm-none-eabi/13.3.1/../../../../arm-none-eabi/lib/thumb/v7-m/nofp\libc_nano.a(libc_a-lock.o)
                0x08003bde                __retarget_lock_release_recursive
 .text._free_r  0x08003be0       0x90 D:/Programs/STM32CubeIDE_1.18.1/STM32CubeIDE/plugins/com.st.stm32cube.ide.mcu.externaltools.gnu-tools-for-stm32.13.3.rel1.win32_1.0.0.202411081344/tools/bin/../lib/gcc/arm-none-eabi/13.3.1/../../../../arm-none-eabi/lib/thumb/v7-m/nofp\libc_nano.a(libc_a-freer.o)
                0x08003be0                _free_r
 .text.sbrk_aligned
                0x08003c70       0x44 D:/Programs/STM32CubeIDE_1.18.1/STM32CubeIDE/plugins/com.st.stm32cube.ide.mcu.externaltools.gnu-tools-for-stm32.13.3.rel1.win32_1.0.0.202411081344/tools/bin/../lib/gcc/arm-none-eabi/13.3.1/../../../../arm-none-eabi/lib/thumb/v7-m/nofp\libc_nano.a(libc_a-mallocr.o)
 .text._malloc_r
                0x08003cb4      0x100 D:/Programs/STM32CubeIDE_1.18.1/STM32CubeIDE/plugins/com.st.stm32cube.ide.mcu.externaltools.gnu-tools-for-stm32.13.3.rel1.win32_1.0.0.202411081344/tools/bin/../lib/gcc/arm-none-eabi/13.3.1/../../../../arm-none-eabi/lib/thumb/v7-m/nofp\libc_nano.a(libc_a-mallocr.o)
                0x08003cb4                _malloc_r
 .text.__malloc_lock
                0x08003db4        0xc D:/Programs/STM32CubeIDE_1.18.1/STM32CubeIDE/plugins/com.st.stm32cube.ide.mcu.externaltools.gnu-tools-for-stm32.13.3.rel1.win32_1.0.0.202411081344/tools/bin/../lib/gcc/arm-none-eabi/13.3.1/../../../../arm-none-eabi/lib/thumb/v7-m/nofp\libc_nano.a(libc_a-mlock.o)
                0x08003db4                __malloc_lock
 .text.__malloc_unlock
                0x08003dc0        0xc D:/Programs/STM32CubeIDE_1.18.1/STM32CubeIDE/plugins/com.st.stm32cube.ide.mcu.externaltools.gnu-tools-for-stm32.13.3.rel1.win32_1.0.0.202411081344/tools/bin/../lib/gcc/arm-none-eabi/13.3.1/../../../../arm-none-eabi/lib/thumb/v7-m/nofp\libc_nano.a(libc_a-mlock.o)
                0x08003dc0                __malloc_unlock
 .text.__ssputs_r
                0x08003dcc       0xb6 D:/Programs/STM32CubeIDE_1.18.1/STM32CubeIDE/plugins/com.st.stm32cube.ide.mcu.externaltools.gnu-tools-for-stm32.13.3.rel1.win32_1.0.0.202411081344/tools/bin/../lib/gcc/arm-none-eabi/13.3.1/../../../../arm-none-eabi/lib/thumb/v7-m/nofp\libc_nano.a(libc_a-nano-svfprintf.o)
                0x08003dcc                __ssputs_r
 *fill*         0x08003e82        0x2 
 .text._svfprintf_r
                0x08003e84      0x1f8 D:/Programs/STM32CubeIDE_1.18.1/STM32CubeIDE/plugins/com.st.stm32cube.ide.mcu.externaltools.gnu-tools-for-stm32.13.3.rel1.win32_1.0.0.202411081344/tools/bin/../lib/gcc/arm-none-eabi/13.3.1/../../../../arm-none-eabi/lib/thumb/v7-m/nofp\libc_nano.a(libc_a-nano-svfprintf.o)
                0x08003e84                _svfiprintf_r
                0x08003e84                _svfprintf_r
 .text._printf_common
                0x0800407c       0xe4 D:/Programs/STM32CubeIDE_1.18.1/STM32CubeIDE/plugins/com.st.stm32cube.ide.mcu.externaltools.gnu-tools-for-stm32.13.3.rel1.win32_1.0.0.202411081344/tools/bin/../lib/gcc/arm-none-eabi/13.3.1/../../../../arm-none-eabi/lib/thumb/v7-m/nofp\libc_nano.a(libc_a-nano-vfprintf_i.o)
                0x0800407c                _printf_common
 .text._printf_i
                0x08004160      0x23c D:/Programs/STM32CubeIDE_1.18.1/STM32CubeIDE/plugins/com.st.stm32cube.ide.mcu.externaltools.gnu-tools-for-stm32.13.3.rel1.win32_1.0.0.202411081344/tools/bin/../lib/gcc/arm-none-eabi/13.3.1/../../../../arm-none-eabi/lib/thumb/v7-m/nofp\libc_nano.a(libc_a-nano-vfprintf_i.o)
                0x08004160                _printf_i
 .text.memmove  0x0800439c       0x34 D:/Programs/STM32CubeIDE_1.18.1/STM32CubeIDE/plugins/com.st.stm32cube.ide.mcu.externaltools.gnu-tools-for-stm32.13.3.rel1.win32_1.0.0.202411081344/tools/bin/../lib/gcc/arm-none-eabi/13.3.1/../../../../arm-none-eabi/lib/thumb/v7-m/nofp\libc_nano.a(libc_a-memmove.o)
                0x0800439c                memmove
 .text._sbrk_r  0x080043d0       0x20 D:/Programs/STM32CubeIDE_1.18.1/STM32CubeIDE/plugins/com.st.stm32cube.ide.mcu.externaltools.gnu-tools-for-stm32.13.3.rel1.win32_1.0.0.202411081344/tools/bin/../lib/gcc/arm-none-eabi/13.3.1/../../../../arm-none-eabi/lib/thumb/v7-m/nofp\libc_nano.a(libc_a-sbrkr.o)
                0x080043d0                _sbrk_r
 .text.memchr   0x080043f0       0x1c D:/Programs/STM32CubeIDE_1.18.1/STM32CubeIDE/plugins/com.st.stm32cube.ide.mcu.externaltools.gnu-tools-for-stm32.13.3.rel1.win32_1.0.0.202411081344/tools/bin/../lib/gcc/arm-none-eabi/13.3.1/../../../../arm-none-eabi/lib/thumb/v7-m/nofp\libc_nano.a(libc_a-memchr-stub.o)
                0x080043f0                memchr
 .text.memcpy   0x0800440c       0x1c D:/Programs/STM32CubeIDE_1.18.1/STM32CubeIDE/plugins/com.st.stm32cube.ide.mcu.externaltools.gnu-tools-for-stm32.13.3.rel1.win32_1.0.0.202411081344/tools/bin/../lib/gcc/arm-none-eabi/13.3.1/../../../../arm-none-eabi/lib/thumb/v7-m/nofp\libc_nano.a(libc_a-memcpy-stub.o)
                0x0800440c                memcpy
 .text._realloc_r
                0x08004428       0x5c D:/Programs/STM32CubeIDE_1.18.1/STM32CubeIDE/plugins/com.st.stm32cube.ide.mcu.externaltools.gnu-tools-for-stm32.13.3.rel1.win32_1.0.0.202411081344/tools/bin/../lib/gcc/arm-none-eabi/13.3.1/../../../../arm-none-eabi/lib/thumb/v7-m/nofp\libc_nano.a(libc_a-reallocr.o)
                0x08004428                _realloc_r
 .text._malloc_usable_size_r
                0x08004484       0x10 D:/Programs/STM32CubeIDE_1.18.1/STM32CubeIDE/plugins/com.st.stm32cube.ide.mcu.externaltools.gnu-tools-for-stm32.13.3.rel1.win32_1.0.0.202411081344/tools/bin/../lib/gcc/arm-none-eabi/13.3.1/../../../../arm-none-eabi/lib/thumb/v7-m/nofp\libc_nano.a(libc_a-msizer.o)
                0x08004484                _malloc_usable_size_r
 *(.glue_7)
 .glue_7        0x08004494        0x0 linker stubs
 *(.glue_7t)
 .glue_7t       0x08004494        0x0 linker stubs
 *(.eh_frame)
 .eh_frame      0x08004494        0x0 D:/Programs/STM32CubeIDE_1.18.1/STM32CubeIDE/plugins/com.st.stm32cube.ide.mcu.externaltools.gnu-tools-for-stm32.13.3.rel1.win32_1.0.0.202411081344/tools/bin/../lib/gcc/arm-none-eabi/13.3.1/thumb/v7-m/nofp/crtbegin.o
 *(.init)
 .init          0x08004494        0x4 D:/Programs/STM32CubeIDE_1.18.1/STM32CubeIDE/plugins/com.st.stm32cube.ide.mcu.externaltools.gnu-tools-for-stm32.13.3.rel1.win32_1.0.0.202411081344/tools/bin/../lib/gcc/arm-none-eabi/13.3.1/thumb/v7-m/nofp/crti.o
                0x08004494                _init
 .init          0x08004498        0x8 D:/Programs/STM32CubeIDE_1.18.1/STM32CubeIDE/plugins/com.st.stm32cube.ide.mcu.externaltools.gnu-tools-for-stm32.13.3.rel1.win32_1.0.0.202411081344/tools/bin/../lib/gcc/arm-none-eabi/13.3.1/thumb/v7-m/nofp/crtn.o
 *(.fini)
 .fini          0x080044a0        0x4 D:/Programs/STM32CubeIDE_1.18.1/STM32CubeIDE/plugins/com.st.stm32cube.ide.mcu.externaltools.gnu-tools-for-stm32.13.3.rel1.win32_1.0.0.202411081344/tools/bin/../lib/gcc/arm-none-eabi/13.3.1/thumb/v7-m/nofp/crti.o
                0x080044a0                _fini
 .fini          0x080044a4        0x8 D:/Programs/STM32CubeIDE_1.18.1/STM32CubeIDE/plugins/com.st.stm32cube.ide.mcu.externaltools.gnu-tools-for-stm32.13.3.rel1.win32_1.0.0.202411081344/tools/bin/../lib/gcc/arm-none-eabi/13.3.1/thumb/v7-m/nofp/crtn.o
                0x080044ac                        . = ALIGN (0x4)
                0x080044ac                        _etext = .

.vfp11_veneer   0x080044ac        0x0
 .vfp11_veneer  0x080044ac        0x0 linker stubs

.v4_bx          0x080044ac        0x0
 .v4_bx         0x080044ac        0x0 linker stubs

.iplt           0x080044ac        0x0
 .iplt          0x080044ac        0x0 D:/Programs/STM32CubeIDE_1.18.1/STM32CubeIDE/plugins/com.st.stm32cube.ide.mcu.externaltools.gnu-tools-for-stm32.13.3.rel1.win32_1.0.0.202411081344/tools/bin/../lib/gcc/arm-none-eabi/13.3.1/thumb/v7-m/nofp/crtbegin.o

.rodata         0x080044ac      0x100
                0x080044ac                        . = ALIGN (0x4)
 *(.rodata)
 .rodata        0x080044ac       0x17 ./Core/Src/lcd_parallel.o
 *fill*         0x080044c3        0x1 
 .rodata        0x080044c4       0x90 ./Core/Src/main.o
 *(.rodata*)
 .rodata.AHBPrescTable
                0x08004554       0x10 ./Core/Src/system_stm32f1xx.o
                0x08004554                AHBPrescTable
 .rodata.aPLLMULFactorTable.1
                0x08004564       0x10 ./Drivers/STM32F1xx_HAL_Driver/Src/stm32f1xx_hal_rcc.o
 .rodata.aPredivFactorTable.0
                0x08004574        0x2 ./Drivers/STM32F1xx_HAL_Driver/Src/stm32f1xx_hal_rcc.o
 .rodata._svfprintf_r.str1.1
                0x08004576       0x33 D:/Programs/STM32CubeIDE_1.18.1/STM32CubeIDE/plugins/com.st.stm32cube.ide.mcu.externaltools.gnu-tools-for-stm32.13.3.rel1.win32_1.0.0.202411081344/tools/bin/../lib/gcc/arm-none-eabi/13.3.1/../../../../arm-none-eabi/lib/thumb/v7-m/nofp\libc_nano.a(libc_a-nano-svfprintf.o)
                                 0x11 (size before relaxing)
 .rodata._printf_i.str1.1
                0x080045a9       0x22 D:/Programs/STM32CubeIDE_1.18.1/STM32CubeIDE/plugins/com.st.stm32cube.ide.mcu.externaltools.gnu-tools-for-stm32.13.3.rel1.win32_1.0.0.202411081344/tools/bin/../lib/gcc/arm-none-eabi/13.3.1/../../../../arm-none-eabi/lib/thumb/v7-m/nofp\libc_nano.a(libc_a-nano-vfprintf_i.o)
                0x080045cc                        . = ALIGN (0x4)
 *fill*         0x080045a9        0x3 

.ARM.extab      0x080045ac        0x0
                0x080045ac                        . = ALIGN (0x4)
 *(.ARM.extab* .gnu.linkonce.armextab.*)
                0x080045ac                        . = ALIGN (0x4)

.ARM            0x080045ac        0x8
                0x080045ac                        . = ALIGN (0x4)
                0x080045ac                        __exidx_start = .
 *(.ARM.exidx*)
 .ARM.exidx     0x080045ac        0x8 D:/Programs/STM32CubeIDE_1.18.1/STM32CubeIDE/plugins/com.st.stm32cube.ide.mcu.externaltools.gnu-tools-for-stm32.13.3.rel1.win32_1.0.0.202411081344/tools/bin/../lib/gcc/arm-none-eabi/13.3.1/../../../../arm-none-eabi/lib/thumb/v7-m/nofp\libc_nano.a(libc_a-strlen.o)
                0x080045b4                        __exidx_end = .
                0x080045b4                        . = ALIGN (0x4)

.preinit_array  0x080045b4        0x0
                0x080045b4                        . = ALIGN (0x4)
                0x080045b4                        PROVIDE (__preinit_array_start = .)
 *(.preinit_array*)
                0x080045b4                        PROVIDE (__preinit_array_end = .)
                0x080045b4                        . = ALIGN (0x4)

.init_array     0x080045b4        0x4
                0x080045b4                        . = ALIGN (0x4)
                0x080045b4                        PROVIDE (__init_array_start = .)
 *(SORT_BY_NAME(.init_array.*))
 *(.init_array*)
 .init_array    0x080045b4        0x4 D:/Programs/STM32CubeIDE_1.18.1/STM32CubeIDE/plugins/com.st.stm32cube.ide.mcu.externaltools.gnu-tools-for-stm32.13.3.rel1.win32_1.0.0.202411081344/tools/bin/../lib/gcc/arm-none-eabi/13.3.1/thumb/v7-m/nofp/crtbegin.o
                0x080045b8                        PROVIDE (__init_array_end = .)
                0x080045b8                        . = ALIGN (0x4)

.fini_array     0x080045b8        0x4
                0x080045b8                        . = ALIGN (0x4)
                [!provide]                        PROVIDE (__fini_array_start = .)
 *(SORT_BY_NAME(.fini_array.*))
 *(.fini_array*)
 .fini_array    0x080045b8        0x4 D:/Programs/STM32CubeIDE_1.18.1/STM32CubeIDE/plugins/com.st.stm32cube.ide.mcu.externaltools.gnu-tools-for-stm32.13.3.rel1.win32_1.0.0.202411081344/tools/bin/../lib/gcc/arm-none-eabi/13.3.1/thumb/v7-m/nofp/crtbegin.o
                [!provide]                        PROVIDE (__fini_array_end = .)
                0x080045bc                        . = ALIGN (0x4)
                0x080045bc                        _sidata = LOADADDR (.data)

.rel.dyn        0x080045bc        0x0
 .rel.iplt      0x080045bc        0x0 D:/Programs/STM32CubeIDE_1.18.1/STM32CubeIDE/plugins/com.st.stm32cube.ide.mcu.externaltools.gnu-tools-for-stm32.13.3.rel1.win32_1.0.0.202411081344/tools/bin/../lib/gcc/arm-none-eabi/13.3.1/thumb/v7-m/nofp/crtbegin.o

.data           0x20000000       0xe0 load address 0x080045bc
                0x20000000                        . = ALIGN (0x4)
                0x20000000                        _sdata = .
 *(.data)
 *(.data*)
 .data.color_values
                0x20000000       0x30 ./Core/Src/main.o
                0x20000000                color_values
 .data.lcd_update_needed
                0x20000030        0x4 ./Core/Src/main.o
                0x20000030                lcd_update_needed
 .data.keypad_row_ports
                0x20000034       0x10 ./Core/Src/main.o
                0x20000034                keypad_row_ports
 .data.keypad_row_pins
                0x20000044        0x8 ./Core/Src/main.o
                0x20000044                keypad_row_pins
 .data.keypad_col_ports
                0x2000004c       0x10 ./Core/Src/main.o
                0x2000004c                keypad_col_ports
 .data.keypad_col_pins
                0x2000005c        0x8 ./Core/Src/main.o
                0x2000005c                keypad_col_pins
 .data.keypad_layout
                0x20000064       0x10 ./Core/Src/main.o
                0x20000064                keypad_layout
 .data.current_effect
                0x20000074        0x4 ./Core/Src/main.o
                0x20000074                current_effect
 .data.effect_changed
                0x20000078        0x4 ./Core/Src/main.o
                0x20000078                effect_changed
 .data.current_speed
                0x2000007c        0x4 ./Core/Src/main.o
                0x2000007c                current_speed
 .data.current_brightness
                0x20000080        0x4 ./Core/Src/main.o
                0x20000080                current_brightness
 .data.SystemCoreClock
                0x20000084        0x4 ./Core/Src/system_stm32f1xx.o
                0x20000084                SystemCoreClock
 .data.uwTickPrio
                0x20000088        0x4 ./Drivers/STM32F1xx_HAL_Driver/Src/stm32f1xx_hal.o
                0x20000088                uwTickPrio
 .data.uwTickFreq
                0x2000008c        0x1 ./Drivers/STM32F1xx_HAL_Driver/Src/stm32f1xx_hal.o
                0x2000008c                uwTickFreq
 *fill*         0x2000008d        0x3 
 .data._impure_ptr
                0x20000090        0x4 D:/Programs/STM32CubeIDE_1.18.1/STM32CubeIDE/plugins/com.st.stm32cube.ide.mcu.externaltools.gnu-tools-for-stm32.13.3.rel1.win32_1.0.0.202411081344/tools/bin/../lib/gcc/arm-none-eabi/13.3.1/../../../../arm-none-eabi/lib/thumb/v7-m/nofp\libc_nano.a(libc_a-impure.o)
                0x20000090                _impure_ptr
 .data._impure_data
                0x20000094       0x4c D:/Programs/STM32CubeIDE_1.18.1/STM32CubeIDE/plugins/com.st.stm32cube.ide.mcu.externaltools.gnu-tools-for-stm32.13.3.rel1.win32_1.0.0.202411081344/tools/bin/../lib/gcc/arm-none-eabi/13.3.1/../../../../arm-none-eabi/lib/thumb/v7-m/nofp\libc_nano.a(libc_a-impure.o)
                0x20000094                _impure_data
 *(.RamFunc)
 *(.RamFunc*)
                0x200000e0                        . = ALIGN (0x4)
                0x200000e0                        _edata = .

.igot.plt       0x200000e0        0x0 load address 0x0800469c
 .igot.plt      0x200000e0        0x0 D:/Programs/STM32CubeIDE_1.18.1/STM32CubeIDE/plugins/com.st.stm32cube.ide.mcu.externaltools.gnu-tools-for-stm32.13.3.rel1.win32_1.0.0.202411081344/tools/bin/../lib/gcc/arm-none-eabi/13.3.1/thumb/v7-m/nofp/crtbegin.o
                0x200000e0                        . = ALIGN (0x4)

.bss            0x200000e0      0xf88 load address 0x0800469c
                0x200000e0                        _sbss = .
                0x200000e0                        __bss_start__ = _sbss
 *(.bss)
 .bss           0x200000e0       0x1c D:/Programs/STM32CubeIDE_1.18.1/STM32CubeIDE/plugins/com.st.stm32cube.ide.mcu.externaltools.gnu-tools-for-stm32.13.3.rel1.win32_1.0.0.202411081344/tools/bin/../lib/gcc/arm-none-eabi/13.3.1/thumb/v7-m/nofp/crtbegin.o
 *(.bss*)
 .bss.htim1     0x200000fc       0x48 ./Core/Src/main.o
                0x200000fc                htim1
 .bss.hdma_tim1_ch1
                0x20000144       0x44 ./Core/Src/main.o
                0x20000144                hdma_tim1_ch1
 .bss.last_lcd_update
                0x20000188        0x4 ./Core/Src/main.o
                0x20000188                last_lcd_update
 .bss.LED_Data  0x2000018c       0xf0 ./Core/Src/main.o
                0x2000018c                LED_Data
 .bss.LED_Mod   0x2000027c       0xf0 ./Core/Src/main.o
                0x2000027c                LED_Mod
 .bss.datasentflag
                0x2000036c        0x4 ./Core/Src/main.o
                0x2000036c                datasentflag
 .bss.current_color
                0x20000370        0x4 ./Core/Src/main.o
                0x20000370                current_color
 .bss.pwmData   0x20000374      0xba4 ./Core/Src/main.o
                0x20000374                pwmData
 .bss.__sbrk_heap_end
                0x20000f18        0x4 ./Core/Src/sysmem.o
 .bss.uwTick    0x20000f1c        0x4 ./Drivers/STM32F1xx_HAL_Driver/Src/stm32f1xx_hal.o
                0x20000f1c                uwTick
 .bss.__sf      0x20000f20      0x138 D:/Programs/STM32CubeIDE_1.18.1/STM32CubeIDE/plugins/com.st.stm32cube.ide.mcu.externaltools.gnu-tools-for-stm32.13.3.rel1.win32_1.0.0.202411081344/tools/bin/../lib/gcc/arm-none-eabi/13.3.1/../../../../arm-none-eabi/lib/thumb/v7-m/nofp\libc_nano.a(libc_a-findfp.o)
                0x20000f20                __sf
 .bss.errno     0x20001058        0x4 D:/Programs/STM32CubeIDE_1.18.1/STM32CubeIDE/plugins/com.st.stm32cube.ide.mcu.externaltools.gnu-tools-for-stm32.13.3.rel1.win32_1.0.0.202411081344/tools/bin/../lib/gcc/arm-none-eabi/13.3.1/../../../../arm-none-eabi/lib/thumb/v7-m/nofp\libc_nano.a(libc_a-reent.o)
                0x20001058                errno
 .bss.__lock___malloc_recursive_mutex
                0x2000105c        0x1 D:/Programs/STM32CubeIDE_1.18.1/STM32CubeIDE/plugins/com.st.stm32cube.ide.mcu.externaltools.gnu-tools-for-stm32.13.3.rel1.win32_1.0.0.202411081344/tools/bin/../lib/gcc/arm-none-eabi/13.3.1/../../../../arm-none-eabi/lib/thumb/v7-m/nofp\libc_nano.a(libc_a-lock.o)
                0x2000105c                __lock___malloc_recursive_mutex
 *fill*         0x2000105d        0x3 
 .bss.__malloc_sbrk_start
                0x20001060        0x4 D:/Programs/STM32CubeIDE_1.18.1/STM32CubeIDE/plugins/com.st.stm32cube.ide.mcu.externaltools.gnu-tools-for-stm32.13.3.rel1.win32_1.0.0.202411081344/tools/bin/../lib/gcc/arm-none-eabi/13.3.1/../../../../arm-none-eabi/lib/thumb/v7-m/nofp\libc_nano.a(libc_a-mallocr.o)
                0x20001060                __malloc_sbrk_start
 .bss.__malloc_free_list
                0x20001064        0x4 D:/Programs/STM32CubeIDE_1.18.1/STM32CubeIDE/plugins/com.st.stm32cube.ide.mcu.externaltools.gnu-tools-for-stm32.13.3.rel1.win32_1.0.0.202411081344/tools/bin/../lib/gcc/arm-none-eabi/13.3.1/../../../../arm-none-eabi/lib/thumb/v7-m/nofp\libc_nano.a(libc_a-mallocr.o)
                0x20001064                __malloc_free_list
 *(COMMON)
                0x20001068                        . = ALIGN (0x4)
                0x20001068                        _ebss = .
                0x20001068                        __bss_end__ = _ebss

._user_heap_stack
                0x20001068      0x600 load address 0x0800469c
                0x20001068                        . = ALIGN (0x8)
                [!provide]                        PROVIDE (end = .)
                0x20001068                        PROVIDE (_end = .)
                0x20001268                        . = (. + _Min_Heap_Size)
 *fill*         0x20001068      0x200 
                0x20001668                        . = (. + _Min_Stack_Size)
 *fill*         0x20001268      0x400 
                0x20001668                        . = ALIGN (0x8)

/DISCARD/
 libc.a(*)
 libm.a(*)
 libgcc.a(*)

.ARM.attributes
                0x00000000       0x29
 *(.ARM.attributes)
 .ARM.attributes
                0x00000000       0x1d D:/Programs/STM32CubeIDE_1.18.1/STM32CubeIDE/plugins/com.st.stm32cube.ide.mcu.externaltools.gnu-tools-for-stm32.13.3.rel1.win32_1.0.0.202411081344/tools/bin/../lib/gcc/arm-none-eabi/13.3.1/thumb/v7-m/nofp/crti.o
 .ARM.attributes
                0x0000001d       0x2d D:/Programs/STM32CubeIDE_1.18.1/STM32CubeIDE/plugins/com.st.stm32cube.ide.mcu.externaltools.gnu-tools-for-stm32.13.3.rel1.win32_1.0.0.202411081344/tools/bin/../lib/gcc/arm-none-eabi/13.3.1/thumb/v7-m/nofp/crtbegin.o
 .ARM.attributes
                0x0000004a       0x2d ./Core/Src/lcd_parallel.o
 .ARM.attributes
                0x00000077       0x2d ./Core/Src/main.o
 .ARM.attributes
                0x000000a4       0x2d ./Core/Src/stm32f1xx_hal_msp.o
 .ARM.attributes
                0x000000d1       0x2d ./Core/Src/stm32f1xx_it.o
 .ARM.attributes
                0x000000fe       0x2d ./Core/Src/sysmem.o
 .ARM.attributes
                0x0000012b       0x2d ./Core/Src/system_stm32f1xx.o
 .ARM.attributes
                0x00000158       0x21 ./Core/Startup/startup_stm32f103c8tx.o
 .ARM.attributes
                0x00000179       0x2d ./Drivers/STM32F1xx_HAL_Driver/Src/stm32f1xx_hal.o
 .ARM.attributes
                0x000001a6       0x2d ./Drivers/STM32F1xx_HAL_Driver/Src/stm32f1xx_hal_cortex.o
 .ARM.attributes
                0x000001d3       0x2d ./Drivers/STM32F1xx_HAL_Driver/Src/stm32f1xx_hal_dma.o
 .ARM.attributes
                0x00000200       0x2d ./Drivers/STM32F1xx_HAL_Driver/Src/stm32f1xx_hal_gpio.o
 .ARM.attributes
                0x0000022d       0x2d ./Drivers/STM32F1xx_HAL_Driver/Src/stm32f1xx_hal_rcc.o
 .ARM.attributes
                0x0000025a       0x2d ./Drivers/STM32F1xx_HAL_Driver/Src/stm32f1xx_hal_tim.o
 .ARM.attributes
                0x00000287       0x2d ./Drivers/STM32F1xx_HAL_Driver/Src/stm32f1xx_hal_tim_ex.o
 .ARM.attributes
                0x000002b4       0x2d D:/Programs/STM32CubeIDE_1.18.1/STM32CubeIDE/plugins/com.st.stm32cube.ide.mcu.externaltools.gnu-tools-for-stm32.13.3.rel1.win32_1.0.0.202411081344/tools/bin/../lib/gcc/arm-none-eabi/13.3.1/../../../../arm-none-eabi/lib/thumb/v7-m/nofp\libc_nano.a(libc_a-findfp.o)
 .ARM.attributes
                0x000002e1       0x2d D:/Programs/STM32CubeIDE_1.18.1/STM32CubeIDE/plugins/com.st.stm32cube.ide.mcu.externaltools.gnu-tools-for-stm32.13.3.rel1.win32_1.0.0.202411081344/tools/bin/../lib/gcc/arm-none-eabi/13.3.1/../../../../arm-none-eabi/lib/thumb/v7-m/nofp\libc_nano.a(libc_a-snprintf.o)
 .ARM.attributes
                0x0000030e       0x2d D:/Programs/STM32CubeIDE_1.18.1/STM32CubeIDE/plugins/com.st.stm32cube.ide.mcu.externaltools.gnu-tools-for-stm32.13.3.rel1.win32_1.0.0.202411081344/tools/bin/../lib/gcc/arm-none-eabi/13.3.1/../../../../arm-none-eabi/lib/thumb/v7-m/nofp\libc_nano.a(libc_a-memset.o)
 .ARM.attributes
                0x0000033b       0x2d D:/Programs/STM32CubeIDE_1.18.1/STM32CubeIDE/plugins/com.st.stm32cube.ide.mcu.externaltools.gnu-tools-for-stm32.13.3.rel1.win32_1.0.0.202411081344/tools/bin/../lib/gcc/arm-none-eabi/13.3.1/../../../../arm-none-eabi/lib/thumb/v7-m/nofp\libc_nano.a(libc_a-reent.o)
 .ARM.attributes
                0x00000368       0x2d D:/Programs/STM32CubeIDE_1.18.1/STM32CubeIDE/plugins/com.st.stm32cube.ide.mcu.externaltools.gnu-tools-for-stm32.13.3.rel1.win32_1.0.0.202411081344/tools/bin/../lib/gcc/arm-none-eabi/13.3.1/../../../../arm-none-eabi/lib/thumb/v7-m/nofp\libc_nano.a(libc_a-impure.o)
 .ARM.attributes
                0x00000395       0x2d D:/Programs/STM32CubeIDE_1.18.1/STM32CubeIDE/plugins/com.st.stm32cube.ide.mcu.externaltools.gnu-tools-for-stm32.13.3.rel1.win32_1.0.0.202411081344/tools/bin/../lib/gcc/arm-none-eabi/13.3.1/../../../../arm-none-eabi/lib/thumb/v7-m/nofp\libc_nano.a(libc_a-errno.o)
 .ARM.attributes
                0x000003c2       0x2d D:/Programs/STM32CubeIDE_1.18.1/STM32CubeIDE/plugins/com.st.stm32cube.ide.mcu.externaltools.gnu-tools-for-stm32.13.3.rel1.win32_1.0.0.202411081344/tools/bin/../lib/gcc/arm-none-eabi/13.3.1/../../../../arm-none-eabi/lib/thumb/v7-m/nofp\libc_nano.a(libc_a-init.o)
 .ARM.attributes
                0x000003ef       0x2d D:/Programs/STM32CubeIDE_1.18.1/STM32CubeIDE/plugins/com.st.stm32cube.ide.mcu.externaltools.gnu-tools-for-stm32.13.3.rel1.win32_1.0.0.202411081344/tools/bin/../lib/gcc/arm-none-eabi/13.3.1/../../../../arm-none-eabi/lib/thumb/v7-m/nofp\libc_nano.a(libc_a-lock.o)
 .ARM.attributes
                0x0000041c       0x17 D:/Programs/STM32CubeIDE_1.18.1/STM32CubeIDE/plugins/com.st.stm32cube.ide.mcu.externaltools.gnu-tools-for-stm32.13.3.rel1.win32_1.0.0.202411081344/tools/bin/../lib/gcc/arm-none-eabi/13.3.1/../../../../arm-none-eabi/lib/thumb/v7-m/nofp\libc_nano.a(libc_a-strlen.o)
 .ARM.attributes
                0x00000433       0x2d D:/Programs/STM32CubeIDE_1.18.1/STM32CubeIDE/plugins/com.st.stm32cube.ide.mcu.externaltools.gnu-tools-for-stm32.13.3.rel1.win32_1.0.0.202411081344/tools/bin/../lib/gcc/arm-none-eabi/13.3.1/../../../../arm-none-eabi/lib/thumb/v7-m/nofp\libc_nano.a(libc_a-freer.o)
 .ARM.attributes
                0x00000460       0x2d D:/Programs/STM32CubeIDE_1.18.1/STM32CubeIDE/plugins/com.st.stm32cube.ide.mcu.externaltools.gnu-tools-for-stm32.13.3.rel1.win32_1.0.0.202411081344/tools/bin/../lib/gcc/arm-none-eabi/13.3.1/../../../../arm-none-eabi/lib/thumb/v7-m/nofp\libc_nano.a(libc_a-mallocr.o)
 .ARM.attributes
                0x0000048d       0x2d D:/Programs/STM32CubeIDE_1.18.1/STM32CubeIDE/plugins/com.st.stm32cube.ide.mcu.externaltools.gnu-tools-for-stm32.13.3.rel1.win32_1.0.0.202411081344/tools/bin/../lib/gcc/arm-none-eabi/13.3.1/../../../../arm-none-eabi/lib/thumb/v7-m/nofp\libc_nano.a(libc_a-mlock.o)
 .ARM.attributes
                0x000004ba       0x2d D:/Programs/STM32CubeIDE_1.18.1/STM32CubeIDE/plugins/com.st.stm32cube.ide.mcu.externaltools.gnu-tools-for-stm32.13.3.rel1.win32_1.0.0.202411081344/tools/bin/../lib/gcc/arm-none-eabi/13.3.1/../../../../arm-none-eabi/lib/thumb/v7-m/nofp\libc_nano.a(libc_a-nano-svfprintf.o)
 .ARM.attributes
                0x000004e7       0x2d D:/Programs/STM32CubeIDE_1.18.1/STM32CubeIDE/plugins/com.st.stm32cube.ide.mcu.externaltools.gnu-tools-for-stm32.13.3.rel1.win32_1.0.0.202411081344/tools/bin/../lib/gcc/arm-none-eabi/13.3.1/../../../../arm-none-eabi/lib/thumb/v7-m/nofp\libc_nano.a(libc_a-nano-vfprintf_i.o)
 .ARM.attributes
                0x00000514       0x2d D:/Programs/STM32CubeIDE_1.18.1/STM32CubeIDE/plugins/com.st.stm32cube.ide.mcu.externaltools.gnu-tools-for-stm32.13.3.rel1.win32_1.0.0.202411081344/tools/bin/../lib/gcc/arm-none-eabi/13.3.1/../../../../arm-none-eabi/lib/thumb/v7-m/nofp\libc_nano.a(libc_a-memmove.o)
 .ARM.attributes
                0x00000541       0x2d D:/Programs/STM32CubeIDE_1.18.1/STM32CubeIDE/plugins/com.st.stm32cube.ide.mcu.externaltools.gnu-tools-for-stm32.13.3.rel1.win32_1.0.0.202411081344/tools/bin/../lib/gcc/arm-none-eabi/13.3.1/../../../../arm-none-eabi/lib/thumb/v7-m/nofp\libc_nano.a(libc_a-sbrkr.o)
 .ARM.attributes
                0x0000056e       0x2d D:/Programs/STM32CubeIDE_1.18.1/STM32CubeIDE/plugins/com.st.stm32cube.ide.mcu.externaltools.gnu-tools-for-stm32.13.3.rel1.win32_1.0.0.202411081344/tools/bin/../lib/gcc/arm-none-eabi/13.3.1/../../../../arm-none-eabi/lib/thumb/v7-m/nofp\libc_nano.a(libc_a-memchr-stub.o)
 .ARM.attributes
                0x0000059b       0x2d D:/Programs/STM32CubeIDE_1.18.1/STM32CubeIDE/plugins/com.st.stm32cube.ide.mcu.externaltools.gnu-tools-for-stm32.13.3.rel1.win32_1.0.0.202411081344/tools/bin/../lib/gcc/arm-none-eabi/13.3.1/../../../../arm-none-eabi/lib/thumb/v7-m/nofp\libc_nano.a(libc_a-memcpy-stub.o)
 .ARM.attributes
                0x000005c8       0x2d D:/Programs/STM32CubeIDE_1.18.1/STM32CubeIDE/plugins/com.st.stm32cube.ide.mcu.externaltools.gnu-tools-for-stm32.13.3.rel1.win32_1.0.0.202411081344/tools/bin/../lib/gcc/arm-none-eabi/13.3.1/../../../../arm-none-eabi/lib/thumb/v7-m/nofp\libc_nano.a(libc_a-reallocr.o)
 .ARM.attributes
                0x000005f5       0x2d D:/Programs/STM32CubeIDE_1.18.1/STM32CubeIDE/plugins/com.st.stm32cube.ide.mcu.externaltools.gnu-tools-for-stm32.13.3.rel1.win32_1.0.0.202411081344/tools/bin/../lib/gcc/arm-none-eabi/13.3.1/../../../../arm-none-eabi/lib/thumb/v7-m/nofp\libc_nano.a(libc_a-msizer.o)
 .ARM.attributes
                0x00000622       0x1d D:/Programs/STM32CubeIDE_1.18.1/STM32CubeIDE/plugins/com.st.stm32cube.ide.mcu.externaltools.gnu-tools-for-stm32.13.3.rel1.win32_1.0.0.202411081344/tools/bin/../lib/gcc/arm-none-eabi/13.3.1/thumb/v7-m/nofp/crtn.o
OUTPUT(led.elf elf32-littlearm)
LOAD linker stubs
LOAD D:/Programs/STM32CubeIDE_1.18.1/STM32CubeIDE/plugins/com.st.stm32cube.ide.mcu.externaltools.gnu-tools-for-stm32.13.3.rel1.win32_1.0.0.202411081344/tools/bin/../lib/gcc/arm-none-eabi/13.3.1/../../../../arm-none-eabi/lib/thumb/v7-m/nofp\libc.a
LOAD D:/Programs/STM32CubeIDE_1.18.1/STM32CubeIDE/plugins/com.st.stm32cube.ide.mcu.externaltools.gnu-tools-for-stm32.13.3.rel1.win32_1.0.0.202411081344/tools/bin/../lib/gcc/arm-none-eabi/13.3.1/../../../../arm-none-eabi/lib/thumb/v7-m/nofp\libm.a
LOAD D:/Programs/STM32CubeIDE_1.18.1/STM32CubeIDE/plugins/com.st.stm32cube.ide.mcu.externaltools.gnu-tools-for-stm32.13.3.rel1.win32_1.0.0.202411081344/tools/bin/../lib/gcc/arm-none-eabi/13.3.1/thumb/v7-m/nofp\libgcc.a

.debug_info     0x00000000     0x919b
 .debug_info    0x00000000      0x57d ./Core/Src/lcd_parallel.o
 .debug_info    0x0000057d     0x17e5 ./Core/Src/main.o
 .debug_info    0x00001d62      0x950 ./Core/Src/stm32f1xx_hal_msp.o
 .debug_info    0x000026b2      0x35e ./Core/Src/stm32f1xx_it.o
 .debug_info    0x00002a10      0x168 ./Core/Src/sysmem.o
 .debug_info    0x00002b78      0x222 ./Core/Src/system_stm32f1xx.o
 .debug_info    0x00002d9a       0x30 ./Core/Startup/startup_stm32f103c8tx.o
 .debug_info    0x00002dca      0x704 ./Drivers/STM32F1xx_HAL_Driver/Src/stm32f1xx_hal.o
 .debug_info    0x000034ce      0xa87 ./Drivers/STM32F1xx_HAL_Driver/Src/stm32f1xx_hal_cortex.o
 .debug_info    0x00003f55      0x6d2 ./Drivers/STM32F1xx_HAL_Driver/Src/stm32f1xx_hal_dma.o
 .debug_info    0x00004627      0x5ab ./Drivers/STM32F1xx_HAL_Driver/Src/stm32f1xx_hal_gpio.o
 .debug_info    0x00004bd2      0x7d5 ./Drivers/STM32F1xx_HAL_Driver/Src/stm32f1xx_hal_rcc.o
 .debug_info    0x000053a7     0x2959 ./Drivers/STM32F1xx_HAL_Driver/Src/stm32f1xx_hal_tim.o
 .debug_info    0x00007d00     0x149b ./Drivers/STM32F1xx_HAL_Driver/Src/stm32f1xx_hal_tim_ex.o

.debug_abbrev   0x00000000     0x1b7d
 .debug_abbrev  0x00000000      0x1ea ./Core/Src/lcd_parallel.o
 .debug_abbrev  0x000001ea      0x399 ./Core/Src/main.o
 .debug_abbrev  0x00000583      0x1f3 ./Core/Src/stm32f1xx_hal_msp.o
 .debug_abbrev  0x00000776      0x16e ./Core/Src/stm32f1xx_it.o
 .debug_abbrev  0x000008e4       0xbc ./Core/Src/sysmem.o
 .debug_abbrev  0x000009a0      0x13f ./Core/Src/system_stm32f1xx.o
 .debug_abbrev  0x00000adf       0x24 ./Core/Startup/startup_stm32f103c8tx.o
 .debug_abbrev  0x00000b03      0x201 ./Drivers/STM32F1xx_HAL_Driver/Src/stm32f1xx_hal.o
 .debug_abbrev  0x00000d04      0x2f8 ./Drivers/STM32F1xx_HAL_Driver/Src/stm32f1xx_hal_cortex.o
 .debug_abbrev  0x00000ffc      0x20b ./Drivers/STM32F1xx_HAL_Driver/Src/stm32f1xx_hal_dma.o
 .debug_abbrev  0x00001207      0x1ca ./Drivers/STM32F1xx_HAL_Driver/Src/stm32f1xx_hal_gpio.o
 .debug_abbrev  0x000013d1      0x2b3 ./Drivers/STM32F1xx_HAL_Driver/Src/stm32f1xx_hal_rcc.o
 .debug_abbrev  0x00001684      0x277 ./Drivers/STM32F1xx_HAL_Driver/Src/stm32f1xx_hal_tim.o
 .debug_abbrev  0x000018fb      0x282 ./Drivers/STM32F1xx_HAL_Driver/Src/stm32f1xx_hal_tim_ex.o

.debug_aranges  0x00000000      0xae0
 .debug_aranges
                0x00000000       0x90 ./Core/Src/lcd_parallel.o
 .debug_aranges
                0x00000090       0xc0 ./Core/Src/main.o
 .debug_aranges
                0x00000150       0x38 ./Core/Src/stm32f1xx_hal_msp.o
 .debug_aranges
                0x00000188       0x68 ./Core/Src/stm32f1xx_it.o
 .debug_aranges
                0x000001f0       0x20 ./Core/Src/sysmem.o
 .debug_aranges
                0x00000210       0x28 ./Core/Src/system_stm32f1xx.o
 .debug_aranges
                0x00000238       0x28 ./Core/Startup/startup_stm32f103c8tx.o
 .debug_aranges
                0x00000260       0xe0 ./Drivers/STM32F1xx_HAL_Driver/Src/stm32f1xx_hal.o
 .debug_aranges
                0x00000340      0x100 ./Drivers/STM32F1xx_HAL_Driver/Src/stm32f1xx_hal_cortex.o
 .debug_aranges
                0x00000440       0x80 ./Drivers/STM32F1xx_HAL_Driver/Src/stm32f1xx_hal_dma.o
 .debug_aranges
                0x000004c0       0x58 ./Drivers/STM32F1xx_HAL_Driver/Src/stm32f1xx_hal_gpio.o
 .debug_aranges
                0x00000518       0x90 ./Drivers/STM32F1xx_HAL_Driver/Src/stm32f1xx_hal_rcc.o
 .debug_aranges
                0x000005a8      0x3d0 ./Drivers/STM32F1xx_HAL_Driver/Src/stm32f1xx_hal_tim.o
 .debug_aranges
                0x00000978      0x168 ./Drivers/STM32F1xx_HAL_Driver/Src/stm32f1xx_hal_tim_ex.o

.debug_rnglists
                0x00000000      0x862
 .debug_rnglists
                0x00000000       0x68 ./Core/Src/lcd_parallel.o
 .debug_rnglists
                0x00000068       0x99 ./Core/Src/main.o
 .debug_rnglists
                0x00000101       0x26 ./Core/Src/stm32f1xx_hal_msp.o
 .debug_rnglists
                0x00000127       0x49 ./Core/Src/stm32f1xx_it.o
 .debug_rnglists
                0x00000170       0x13 ./Core/Src/sysmem.o
 .debug_rnglists
                0x00000183       0x1a ./Core/Src/system_stm32f1xx.o
 .debug_rnglists
                0x0000019d       0x19 ./Core/Startup/startup_stm32f103c8tx.o
 .debug_rnglists
                0x000001b6       0xa3 ./Drivers/STM32F1xx_HAL_Driver/Src/stm32f1xx_hal.o
 .debug_rnglists
                0x00000259       0xbb ./Drivers/STM32F1xx_HAL_Driver/Src/stm32f1xx_hal_cortex.o
 .debug_rnglists
                0x00000314       0x64 ./Drivers/STM32F1xx_HAL_Driver/Src/stm32f1xx_hal_dma.o
 .debug_rnglists
                0x00000378       0x3f ./Drivers/STM32F1xx_HAL_Driver/Src/stm32f1xx_hal_gpio.o
 .debug_rnglists
                0x000003b7       0x6c ./Drivers/STM32F1xx_HAL_Driver/Src/stm32f1xx_hal_rcc.o
 .debug_rnglists
                0x00000423      0x31a ./Drivers/STM32F1xx_HAL_Driver/Src/stm32f1xx_hal_tim.o
 .debug_rnglists
                0x0000073d      0x125 ./Drivers/STM32F1xx_HAL_Driver/Src/stm32f1xx_hal_tim_ex.o

.debug_macro    0x00000000    0x17c86
 .debug_macro   0x00000000      0x2aa ./Core/Src/lcd_parallel.o
 .debug_macro   0x000002aa      0xacc ./Core/Src/lcd_parallel.o
 .debug_macro   0x00000d76      0x21b ./Core/Src/lcd_parallel.o
 .debug_macro   0x00000f91       0x2e ./Core/Src/lcd_parallel.o
 .debug_macro   0x00000fbf       0x22 ./Core/Src/lcd_parallel.o
 .debug_macro   0x00000fe1       0x22 ./Core/Src/lcd_parallel.o
 .debug_macro   0x00001003       0x8e ./Core/Src/lcd_parallel.o
 .debug_macro   0x00001091       0x51 ./Core/Src/lcd_parallel.o
 .debug_macro   0x000010e2      0x103 ./Core/Src/lcd_parallel.o
 .debug_macro   0x000011e5       0x6a ./Core/Src/lcd_parallel.o
 .debug_macro   0x0000124f      0x1df ./Core/Src/lcd_parallel.o
 .debug_macro   0x0000142e       0x1c ./Core/Src/lcd_parallel.o
 .debug_macro   0x0000144a       0x22 ./Core/Src/lcd_parallel.o
 .debug_macro   0x0000146c       0xbd ./Core/Src/lcd_parallel.o
 .debug_macro   0x00001529      0xd23 ./Core/Src/lcd_parallel.o
 .debug_macro   0x0000224c     0xe09e ./Core/Src/lcd_parallel.o
 .debug_macro   0x000102ea       0x6d ./Core/Src/lcd_parallel.o
 .debug_macro   0x00010357     0x34a2 ./Core/Src/lcd_parallel.o
 .debug_macro   0x000137f9      0x190 ./Core/Src/lcd_parallel.o
 .debug_macro   0x00013989       0x5c ./Core/Src/lcd_parallel.o
 .debug_macro   0x000139e5      0x5bc ./Core/Src/lcd_parallel.o
 .debug_macro   0x00013fa1      0x289 ./Core/Src/lcd_parallel.o
 .debug_macro   0x0001422a      0x1cb ./Core/Src/lcd_parallel.o
 .debug_macro   0x000143f5      0x114 ./Core/Src/lcd_parallel.o
 .debug_macro   0x00014509      0x1b2 ./Core/Src/lcd_parallel.o
 .debug_macro   0x000146bb       0x27 ./Core/Src/lcd_parallel.o
 .debug_macro   0x000146e2      0x136 ./Core/Src/lcd_parallel.o
 .debug_macro   0x00014818      0x1bc ./Core/Src/lcd_parallel.o
 .debug_macro   0x000149d4       0x34 ./Core/Src/lcd_parallel.o
 .debug_macro   0x00014a08       0x3c ./Core/Src/lcd_parallel.o
 .debug_macro   0x00014a44       0x57 ./Core/Src/lcd_parallel.o
 .debug_macro   0x00014a9b       0x87 ./Core/Src/lcd_parallel.o
 .debug_macro   0x00014b22      0x240 ./Core/Src/lcd_parallel.o
 .debug_macro   0x00014d62      0x140 ./Core/Src/lcd_parallel.o
 .debug_macro   0x00014ea2      0x8ed ./Core/Src/lcd_parallel.o
 .debug_macro   0x0001578f       0x83 ./Core/Src/lcd_parallel.o
 .debug_macro   0x00015812       0xe8 ./Core/Src/lcd_parallel.o
 .debug_macro   0x000158fa       0x61 ./Core/Src/lcd_parallel.o
 .debug_macro   0x0001595b       0x24 ./Core/Src/lcd_parallel.o
 .debug_macro   0x0001597f       0x43 ./Core/Src/lcd_parallel.o
 .debug_macro   0x000159c2       0x34 ./Core/Src/lcd_parallel.o
 .debug_macro   0x000159f6      0x370 ./Core/Src/lcd_parallel.o
 .debug_macro   0x00015d66       0x16 ./Core/Src/lcd_parallel.o
 .debug_macro   0x00015d7c       0x4a ./Core/Src/lcd_parallel.o
 .debug_macro   0x00015dc6       0x34 ./Core/Src/lcd_parallel.o
 .debug_macro   0x00015dfa       0x10 ./Core/Src/lcd_parallel.o
 .debug_macro   0x00015e0a       0x58 ./Core/Src/lcd_parallel.o
 .debug_macro   0x00015e62       0x8e ./Core/Src/lcd_parallel.o
 .debug_macro   0x00015ef0       0x1c ./Core/Src/lcd_parallel.o
 .debug_macro   0x00015f0c      0x185 ./Core/Src/lcd_parallel.o
 .debug_macro   0x00016091       0x10 ./Core/Src/lcd_parallel.o
 .debug_macro   0x000160a1       0x3c ./Core/Src/lcd_parallel.o
 .debug_macro   0x000160dd       0x20 ./Core/Src/lcd_parallel.o
 .debug_macro   0x000160fd       0x1c ./Core/Src/lcd_parallel.o
 .debug_macro   0x00016119       0x10 ./Core/Src/lcd_parallel.o
 .debug_macro   0x00016129       0x1c ./Core/Src/lcd_parallel.o
 .debug_macro   0x00016145       0x16 ./Core/Src/lcd_parallel.o
 .debug_macro   0x0001615b      0x146 ./Core/Src/lcd_parallel.o
 .debug_macro   0x000162a1      0x2ff ./Core/Src/main.o
 .debug_macro   0x000165a0      0x19b ./Core/Src/main.o
 .debug_macro   0x0001673b       0x16 ./Core/Src/main.o
 .debug_macro   0x00016751       0x16 ./Core/Src/main.o
 .debug_macro   0x00016767       0x29 ./Core/Src/main.o
 .debug_macro   0x00016790       0xee ./Core/Src/main.o
 .debug_macro   0x0001687e      0x1a3 ./Core/Src/stm32f1xx_hal_msp.o
 .debug_macro   0x00016a21      0x1ad ./Core/Src/stm32f1xx_it.o
 .debug_macro   0x00016bce      0x112 ./Core/Src/sysmem.o
 .debug_macro   0x00016ce0      0x23c ./Core/Src/sysmem.o
 .debug_macro   0x00016f1c      0x199 ./Core/Src/system_stm32f1xx.o
 .debug_macro   0x000170b5      0x1bd ./Drivers/STM32F1xx_HAL_Driver/Src/stm32f1xx_hal.o
 .debug_macro   0x00017272      0x199 ./Drivers/STM32F1xx_HAL_Driver/Src/stm32f1xx_hal_cortex.o
 .debug_macro   0x0001740b      0x199 ./Drivers/STM32F1xx_HAL_Driver/Src/stm32f1xx_hal_dma.o
 .debug_macro   0x000175a4      0x204 ./Drivers/STM32F1xx_HAL_Driver/Src/stm32f1xx_hal_gpio.o
 .debug_macro   0x000177a8      0x1ab ./Drivers/STM32F1xx_HAL_Driver/Src/stm32f1xx_hal_rcc.o
 .debug_macro   0x00017953      0x19a ./Drivers/STM32F1xx_HAL_Driver/Src/stm32f1xx_hal_tim.o
 .debug_macro   0x00017aed      0x199 ./Drivers/STM32F1xx_HAL_Driver/Src/stm32f1xx_hal_tim_ex.o

.debug_line     0x00000000     0xc103
 .debug_line    0x00000000      0xaa6 ./Core/Src/lcd_parallel.o
 .debug_line    0x00000aa6     0x1129 ./Core/Src/main.o
 .debug_line    0x00001bcf      0x788 ./Core/Src/stm32f1xx_hal_msp.o
 .debug_line    0x00002357      0x7c3 ./Core/Src/stm32f1xx_it.o
 .debug_line    0x00002b1a      0x5a6 ./Core/Src/sysmem.o
 .debug_line    0x000030c0      0x77b ./Core/Src/system_stm32f1xx.o
 .debug_line    0x0000383b       0x78 ./Core/Startup/startup_stm32f103c8tx.o
 .debug_line    0x000038b3      0x9ac ./Drivers/STM32F1xx_HAL_Driver/Src/stm32f1xx_hal.o
 .debug_line    0x0000425f      0xb76 ./Drivers/STM32F1xx_HAL_Driver/Src/stm32f1xx_hal_cortex.o
 .debug_line    0x00004dd5      0xdb6 ./Drivers/STM32F1xx_HAL_Driver/Src/stm32f1xx_hal_dma.o
 .debug_line    0x00005b8b      0xa09 ./Drivers/STM32F1xx_HAL_Driver/Src/stm32f1xx_hal_gpio.o
 .debug_line    0x00006594      0xe65 ./Drivers/STM32F1xx_HAL_Driver/Src/stm32f1xx_hal_rcc.o
 .debug_line    0x000073f9     0x349a ./Drivers/STM32F1xx_HAL_Driver/Src/stm32f1xx_hal_tim.o
 .debug_line    0x0000a893     0x1870 ./Drivers/STM32F1xx_HAL_Driver/Src/stm32f1xx_hal_tim_ex.o

.debug_str      0x00000000    0x89252
 .debug_str     0x00000000    0x89252 ./Core/Src/lcd_parallel.o
                              0x85879 (size before relaxing)
 .debug_str     0x00089252    0x869ad ./Core/Src/main.o
 .debug_str     0x00089252    0x82105 ./Core/Src/stm32f1xx_hal_msp.o
 .debug_str     0x00089252    0x81d67 ./Core/Src/stm32f1xx_it.o
 .debug_str     0x00089252     0x7727 ./Core/Src/sysmem.o
 .debug_str     0x00089252    0x81b58 ./Core/Src/system_stm32f1xx.o
 .debug_str     0x00089252       0x81 ./Core/Startup/startup_stm32f103c8tx.o
 .debug_str     0x00089252    0x8228b ./Drivers/STM32F1xx_HAL_Driver/Src/stm32f1xx_hal.o
 .debug_str     0x00089252    0x821d7 ./Drivers/STM32F1xx_HAL_Driver/Src/stm32f1xx_hal_cortex.o
 .debug_str     0x00089252    0x81f01 ./Drivers/STM32F1xx_HAL_Driver/Src/stm32f1xx_hal_dma.o
 .debug_str     0x00089252    0x81ede ./Drivers/STM32F1xx_HAL_Driver/Src/stm32f1xx_hal_gpio.o
 .debug_str     0x00089252    0x81f87 ./Drivers/STM32F1xx_HAL_Driver/Src/stm32f1xx_hal_rcc.o
 .debug_str     0x00089252    0x82f89 ./Drivers/STM32F1xx_HAL_Driver/Src/stm32f1xx_hal_tim.o
 .debug_str     0x00089252    0x82795 ./Drivers/STM32F1xx_HAL_Driver/Src/stm32f1xx_hal_tim_ex.o

.comment        0x00000000       0x43
 .comment       0x00000000       0x43 ./Core/Src/lcd_parallel.o
                                 0x44 (size before relaxing)
 .comment       0x00000043       0x44 ./Core/Src/main.o
 .comment       0x00000043       0x44 ./Core/Src/stm32f1xx_hal_msp.o
 .comment       0x00000043       0x44 ./Core/Src/stm32f1xx_it.o
 .comment       0x00000043       0x44 ./Core/Src/sysmem.o
 .comment       0x00000043       0x44 ./Core/Src/system_stm32f1xx.o
 .comment       0x00000043       0x44 ./Drivers/STM32F1xx_HAL_Driver/Src/stm32f1xx_hal.o
 .comment       0x00000043       0x44 ./Drivers/STM32F1xx_HAL_Driver/Src/stm32f1xx_hal_cortex.o
 .comment       0x00000043       0x44 ./Drivers/STM32F1xx_HAL_Driver/Src/stm32f1xx_hal_dma.o
 .comment       0x00000043       0x44 ./Drivers/STM32F1xx_HAL_Driver/Src/stm32f1xx_hal_gpio.o
 .comment       0x00000043       0x44 ./Drivers/STM32F1xx_HAL_Driver/Src/stm32f1xx_hal_rcc.o
 .comment       0x00000043       0x44 ./Drivers/STM32F1xx_HAL_Driver/Src/stm32f1xx_hal_tim.o
 .comment       0x00000043       0x44 ./Drivers/STM32F1xx_HAL_Driver/Src/stm32f1xx_hal_tim_ex.o

.debug_frame    0x00000000     0x31d8
 .debug_frame   0x00000000      0x214 ./Core/Src/lcd_parallel.o
 .debug_frame   0x00000214      0x300 ./Core/Src/main.o
 .debug_frame   0x00000514       0xa4 ./Core/Src/stm32f1xx_hal_msp.o
 .debug_frame   0x000005b8      0x120 ./Core/Src/stm32f1xx_it.o
 .debug_frame   0x000006d8       0x34 ./Core/Src/sysmem.o
 .debug_frame   0x0000070c       0x58 ./Core/Src/system_stm32f1xx.o
 .debug_frame   0x00000764      0x334 ./Drivers/STM32F1xx_HAL_Driver/Src/stm32f1xx_hal.o
 .debug_frame   0x00000a98      0x428 ./Drivers/STM32F1xx_HAL_Driver/Src/stm32f1xx_hal_cortex.o
 .debug_frame   0x00000ec0      0x208 ./Drivers/STM32F1xx_HAL_Driver/Src/stm32f1xx_hal_dma.o
 .debug_frame   0x000010c8      0x14c ./Drivers/STM32F1xx_HAL_Driver/Src/stm32f1xx_hal_gpio.o
 .debug_frame   0x00001214      0x218 ./Drivers/STM32F1xx_HAL_Driver/Src/stm32f1xx_hal_rcc.o
 .debug_frame   0x0000142c     0x11b8 ./Drivers/STM32F1xx_HAL_Driver/Src/stm32f1xx_hal_tim.o
 .debug_frame   0x000025e4      0x638 ./Drivers/STM32F1xx_HAL_Driver/Src/stm32f1xx_hal_tim_ex.o
 .debug_frame   0x00002c1c      0x144 D:/Programs/STM32CubeIDE_1.18.1/STM32CubeIDE/plugins/com.st.stm32cube.ide.mcu.externaltools.gnu-tools-for-stm32.13.3.rel1.win32_1.0.0.202411081344/tools/bin/../lib/gcc/arm-none-eabi/13.3.1/../../../../arm-none-eabi/lib/thumb/v7-m/nofp\libc_nano.a(libc_a-findfp.o)
 .debug_frame   0x00002d60       0x7c D:/Programs/STM32CubeIDE_1.18.1/STM32CubeIDE/plugins/com.st.stm32cube.ide.mcu.externaltools.gnu-tools-for-stm32.13.3.rel1.win32_1.0.0.202411081344/tools/bin/../lib/gcc/arm-none-eabi/13.3.1/../../../../arm-none-eabi/lib/thumb/v7-m/nofp\libc_nano.a(libc_a-snprintf.o)
 .debug_frame   0x00002ddc       0x20 D:/Programs/STM32CubeIDE_1.18.1/STM32CubeIDE/plugins/com.st.stm32cube.ide.mcu.externaltools.gnu-tools-for-stm32.13.3.rel1.win32_1.0.0.202411081344/tools/bin/../lib/gcc/arm-none-eabi/13.3.1/../../../../arm-none-eabi/lib/thumb/v7-m/nofp\libc_nano.a(libc_a-memset.o)
 .debug_frame   0x00002dfc       0x38 D:/Programs/STM32CubeIDE_1.18.1/STM32CubeIDE/plugins/com.st.stm32cube.ide.mcu.externaltools.gnu-tools-for-stm32.13.3.rel1.win32_1.0.0.202411081344/tools/bin/../lib/gcc/arm-none-eabi/13.3.1/../../../../arm-none-eabi/lib/thumb/v7-m/nofp\libc_nano.a(libc_a-reent.o)
 .debug_frame   0x00002e34       0x20 D:/Programs/STM32CubeIDE_1.18.1/STM32CubeIDE/plugins/com.st.stm32cube.ide.mcu.externaltools.gnu-tools-for-stm32.13.3.rel1.win32_1.0.0.202411081344/tools/bin/../lib/gcc/arm-none-eabi/13.3.1/../../../../arm-none-eabi/lib/thumb/v7-m/nofp\libc_nano.a(libc_a-errno.o)
 .debug_frame   0x00002e54       0x2c D:/Programs/STM32CubeIDE_1.18.1/STM32CubeIDE/plugins/com.st.stm32cube.ide.mcu.externaltools.gnu-tools-for-stm32.13.3.rel1.win32_1.0.0.202411081344/tools/bin/../lib/gcc/arm-none-eabi/13.3.1/../../../../arm-none-eabi/lib/thumb/v7-m/nofp\libc_nano.a(libc_a-init.o)
 .debug_frame   0x00002e80       0xb0 D:/Programs/STM32CubeIDE_1.18.1/STM32CubeIDE/plugins/com.st.stm32cube.ide.mcu.externaltools.gnu-tools-for-stm32.13.3.rel1.win32_1.0.0.202411081344/tools/bin/../lib/gcc/arm-none-eabi/13.3.1/../../../../arm-none-eabi/lib/thumb/v7-m/nofp\libc_nano.a(libc_a-lock.o)
 .debug_frame   0x00002f30       0x38 D:/Programs/STM32CubeIDE_1.18.1/STM32CubeIDE/plugins/com.st.stm32cube.ide.mcu.externaltools.gnu-tools-for-stm32.13.3.rel1.win32_1.0.0.202411081344/tools/bin/../lib/gcc/arm-none-eabi/13.3.1/../../../../arm-none-eabi/lib/thumb/v7-m/nofp\libc_nano.a(libc_a-freer.o)
 .debug_frame   0x00002f68       0x50 D:/Programs/STM32CubeIDE_1.18.1/STM32CubeIDE/plugins/com.st.stm32cube.ide.mcu.externaltools.gnu-tools-for-stm32.13.3.rel1.win32_1.0.0.202411081344/tools/bin/../lib/gcc/arm-none-eabi/13.3.1/../../../../arm-none-eabi/lib/thumb/v7-m/nofp\libc_nano.a(libc_a-mallocr.o)
 .debug_frame   0x00002fb8       0x30 D:/Programs/STM32CubeIDE_1.18.1/STM32CubeIDE/plugins/com.st.stm32cube.ide.mcu.externaltools.gnu-tools-for-stm32.13.3.rel1.win32_1.0.0.202411081344/tools/bin/../lib/gcc/arm-none-eabi/13.3.1/../../../../arm-none-eabi/lib/thumb/v7-m/nofp\libc_nano.a(libc_a-mlock.o)
 .debug_frame   0x00002fe8       0x90 D:/Programs/STM32CubeIDE_1.18.1/STM32CubeIDE/plugins/com.st.stm32cube.ide.mcu.externaltools.gnu-tools-for-stm32.13.3.rel1.win32_1.0.0.202411081344/tools/bin/../lib/gcc/arm-none-eabi/13.3.1/../../../../arm-none-eabi/lib/thumb/v7-m/nofp\libc_nano.a(libc_a-nano-svfprintf.o)
 .debug_frame   0x00003078       0x60 D:/Programs/STM32CubeIDE_1.18.1/STM32CubeIDE/plugins/com.st.stm32cube.ide.mcu.externaltools.gnu-tools-for-stm32.13.3.rel1.win32_1.0.0.202411081344/tools/bin/../lib/gcc/arm-none-eabi/13.3.1/../../../../arm-none-eabi/lib/thumb/v7-m/nofp\libc_nano.a(libc_a-nano-vfprintf_i.o)
 .debug_frame   0x000030d8       0x28 D:/Programs/STM32CubeIDE_1.18.1/STM32CubeIDE/plugins/com.st.stm32cube.ide.mcu.externaltools.gnu-tools-for-stm32.13.3.rel1.win32_1.0.0.202411081344/tools/bin/../lib/gcc/arm-none-eabi/13.3.1/../../../../arm-none-eabi/lib/thumb/v7-m/nofp\libc_nano.a(libc_a-memmove.o)
 .debug_frame   0x00003100       0x2c D:/Programs/STM32CubeIDE_1.18.1/STM32CubeIDE/plugins/com.st.stm32cube.ide.mcu.externaltools.gnu-tools-for-stm32.13.3.rel1.win32_1.0.0.202411081344/tools/bin/../lib/gcc/arm-none-eabi/13.3.1/../../../../arm-none-eabi/lib/thumb/v7-m/nofp\libc_nano.a(libc_a-sbrkr.o)
 .debug_frame   0x0000312c       0x28 D:/Programs/STM32CubeIDE_1.18.1/STM32CubeIDE/plugins/com.st.stm32cube.ide.mcu.externaltools.gnu-tools-for-stm32.13.3.rel1.win32_1.0.0.202411081344/tools/bin/../lib/gcc/arm-none-eabi/13.3.1/../../../../arm-none-eabi/lib/thumb/v7-m/nofp\libc_nano.a(libc_a-memchr-stub.o)
 .debug_frame   0x00003154       0x28 D:/Programs/STM32CubeIDE_1.18.1/STM32CubeIDE/plugins/com.st.stm32cube.ide.mcu.externaltools.gnu-tools-for-stm32.13.3.rel1.win32_1.0.0.202411081344/tools/bin/../lib/gcc/arm-none-eabi/13.3.1/../../../../arm-none-eabi/lib/thumb/v7-m/nofp\libc_nano.a(libc_a-memcpy-stub.o)
 .debug_frame   0x0000317c       0x3c D:/Programs/STM32CubeIDE_1.18.1/STM32CubeIDE/plugins/com.st.stm32cube.ide.mcu.externaltools.gnu-tools-for-stm32.13.3.rel1.win32_1.0.0.202411081344/tools/bin/../lib/gcc/arm-none-eabi/13.3.1/../../../../arm-none-eabi/lib/thumb/v7-m/nofp\libc_nano.a(libc_a-reallocr.o)
 .debug_frame   0x000031b8       0x20 D:/Programs/STM32CubeIDE_1.18.1/STM32CubeIDE/plugins/com.st.stm32cube.ide.mcu.externaltools.gnu-tools-for-stm32.13.3.rel1.win32_1.0.0.202411081344/tools/bin/../lib/gcc/arm-none-eabi/13.3.1/../../../../arm-none-eabi/lib/thumb/v7-m/nofp\libc_nano.a(libc_a-msizer.o)

.debug_line_str
                0x00000000       0x65
 .debug_line_str
                0x00000000       0x65 ./Core/Startup/startup_stm32f103c8tx.o
