../Core/Src/lcd_parallel.c:5:6:LCD_Parallel_Init	8	static
../Core/Src/lcd_parallel.c:45:6:LCD_Parallel_GPIO_Init	32	static
../Core/Src/lcd_parallel.c:72:6:LCD_Parallel_Clear	8	static
../Core/Src/lcd_parallel.c:77:6:LCD_Parallel_SetCursor	24	static
../Core/Src/lcd_parallel.c:88:6:LCD_Parallel_Print	16	static
../Core/Src/lcd_parallel.c:94:6:LCD_Parallel_PrintChar	16	static
../Core/Src/lcd_parallel.c:98:6:LCD_Parallel_CreateChar	24	static
../Core/Src/lcd_parallel.c:106:6:LCD_Parallel_WriteCustomChar	16	static
../Core/Src/lcd_parallel.c:110:6:LCD_Parallel_SendCommand	16	static
../Core/Src/lcd_parallel.c:114:6:LCD_Parallel_SendData	16	static
../Core/Src/lcd_parallel.c:118:6:LCD_Parallel_Send	16	static
../Core/Src/lcd_parallel.c:129:6:LCD_Parallel_Write4Bits	16	static
../Core/Src/lcd_parallel.c:140:6:LCD_Parallel_EnablePulse	8	static
../Core/Src/lcd_parallel.c:148:6:LCD_Parallel_DisplayEffect	24	static
../Core/Src/lcd_parallel.c:159:6:LCD_Parallel_DisplayStatus	56	static
