../Core/Src/main.c:135:6:HAL_TIM_PWM_PulseFinishedCallback	16	static
../Core/Src/main.c:141:6:Keypad_Init	40	static
../Core/Src/main.c:166:6:Update_LCD_Display	56	static
../Core/Src/main.c:186:6:Keypad_Read	24	static
../Core/Src/main.c:214:6:Process_Keypad_Input	16	static
../Core/Src/main.c:284:6:Set_LED	24	static
../Core/Src/main.c:292:6:Set_All_LEDs_Same_Color	32	static
../Core/Src/main.c:300:6:Set_Brightness	24	static
../Core/Src/main.c:331:6:WS2812_Send	32	static
../Core/Src/main.c:376:6:Fade_Effect	32	static
../Core/Src/main.c:395:6:Rainbow_Effect_Single	40	static
../Core/Src/main.c:451:6:Rainbow_Effect	48	static
../Core/Src/main.c:493:6:Pixel_Run_Effect	32	static
../Core/Src/main.c:514:6:Flashing_Effect	24	static
../Core/Src/main.c:528:6:LCD_Test	8	static
../Core/Src/main.c:544:5:main	32	static
../Core/Src/main.c:715:6:SystemClock_Config	72	static
../Core/Src/main.c:755:13:MX_TIM1_Init	96	static
../Core/Src/main.c:828:13:MX_DMA_Init	16	static
../Core/Src/main.c:846:13:MX_GPIO_Init	40	static
../Core/Src/main.c:881:6:Error_Handler	4	static,ignoring_inline_asm
