../Core/Src/main.c:150:6:HAL_TIM_PWM_PulseFinishedCallback	16	static
../Core/Src/main.c:156:6:Keypad_Init	40	static
../Core/Src/main.c:181:6:Update_LCD_Display	56	static
../Core/Src/main.c:201:6:Keypad_Read	24	static
../Core/Src/main.c:229:6:Process_Keypad_Input	16	static
../Core/Src/main.c:305:6:Set_LED	24	static
../Core/Src/main.c:313:6:Set_All_LEDs_Same_Color	32	static
../Core/Src/main.c:321:6:Set_Brightness	24	static
../Core/Src/main.c:352:6:WS2812_Send	32	static
../Core/Src/main.c:397:6:Fade_Effect	32	static
../Core/Src/main.c:416:6:Rainbow_Effect_Single	40	static
../Core/Src/main.c:472:6:Rainbow_Effect	48	static
../Core/Src/main.c:514:6:Pixel_Run_Effect	32	static
../Core/Src/main.c:535:6:Flashing_Effect	24	static
../Core/Src/main.c:549:6:LCD_Test	8	static
../Core/Src/main.c:559:6:All_LEDs_Off	16	static
../Core/Src/main.c:569:9:Read_Sound_Detection	8	static
../Core/Src/main.c:575:6:Music_Effect	40	static
../Core/Src/main.c:612:6:Music_VU_Effect	40	static
../Core/Src/main.c:654:6:Debug_Music_GPIO	16	static
../Core/Src/main.c:666:6:Debug_Music_Mode	56	static
../Core/Src/main.c:690:6:Test_Music_Mode_Fake	32	static
../Core/Src/main.c:721:5:main	32	static
../Core/Src/main.c:922:6:SystemClock_Config	72	static
../Core/Src/main.c:962:13:MX_TIM1_Init	96	static
../Core/Src/main.c:1035:13:MX_DMA_Init	16	static
../Core/Src/main.c:1053:13:MX_GPIO_Init	40	static
../Core/Src/main.c:1094:6:Error_Handler	4	static,ignoring_inline_asm
