../Core/Src/main.c:70:6:HAL_TIM_PWM_PulseFinishedCallback	16	static
../Core/Src/main.c:75:6:Set_LED	24	static
../Core/Src/main.c:83:6:Set_All_LEDs_Same_Color	32	static
../Core/Src/main.c:91:6:Set_Brightness	24	static
../Core/Src/main.c:122:6:WS2812_Send	32	static
../Core/Src/main.c:167:6:Fade_Effect	32	static
../Core/Src/main.c:186:6:Rainbow_Effect_Single	40	static
../Core/Src/main.c:242:6:Rainbow_Effect	48	static
../Core/Src/main.c:277:6:Pixel_Run_Effect	32	static
../Core/Src/main.c:297:5:main	8	static
../Core/Src/main.c:354:6:SystemClock_Config	72	static
../Core/Src/main.c:394:13:MX_TIM1_Init	96	static
../Core/Src/main.c:467:13:MX_DMA_Init	16	static
../Core/Src/main.c:485:13:MX_GPIO_Init	40	static
../Core/Src/main.c:520:6:Error_Handler	4	static,ignoring_inline_asm
