../Core/Src/main.c:121:7:int_to_string	40	static
../Core/Src/main.c:194:6:HAL_TIM_PWM_PulseFinishedCallback	16	static
../Core/Src/main.c:200:6:Keypad_Init	40	static
../Core/Src/main.c:225:6:Update_LCD_Display	80	static
../Core/Src/main.c:245:6:Keypad_Read	24	static
../Core/Src/main.c:273:6:Process_Keypad_Input	16	static
../Core/Src/main.c:349:6:Set_LED	24	static
../Core/Src/main.c:357:6:Set_All_LEDs_Same_Color	32	static
../Core/Src/main.c:363:6:Set_LED_Col	24	static
../Core/Src/main.c:369:6:Set_LED_Row	40	static
../Core/Src/main.c:386:6:Set_LED_Matrix	144	static
../Core/Src/main.c:395:6:Set_Brightness	24	static
../Core/Src/main.c:426:6:WS2812_Send	32	static
../Core/Src/main.c:471:6:Fade_Effect	32	static
../Core/Src/main.c:490:6:Rainbow_Effect_Single	40	static
../Core/Src/main.c:546:6:Rainbow_Effect	48	static
../Core/Src/main.c:588:6:Pixel_Run_Effect	32	static
../Core/Src/main.c:609:6:Flashing_Effect	24	static
../Core/Src/main.c:623:6:LCD_Test	8	static
../Core/Src/main.c:633:6:All_LEDs_Off	16	static
../Core/Src/main.c:643:6:get_random_color	32	static
../Core/Src/main.c:652:6:hsv_to_rgb	64	static
../Core/Src/main.c:678:6:get_temperature_color	24	static
../Core/Src/main.c:705:5:is_valid_position	40	static
../Core/Src/main.c:726:6:Sound_Reactive_LED	48	static
../Core/Src/main.c:793:5:main	80	static
../Core/Src/main.c:882:6:SystemClock_Config	88	static
../Core/Src/main.c:929:13:MX_ADC1_Init	24	static
../Core/Src/main.c:976:13:MX_TIM1_Init	96	static
../Core/Src/main.c:1049:13:MX_DMA_Init	16	static
../Core/Src/main.c:1067:13:MX_GPIO_Init	40	static
../Core/Src/main.c:1102:6:Error_Handler	4	static,ignoring_inline_asm
